Component: ARM Compiler 5.06 update 6 (build 750) Tool: armlink [4d35ed]

==============================================================================

Section Cross References

    ex_sdram.o(.text) refers to timer.o(.text) for delayMs
    ex_sdram.o(.text) refers to system_lpc177x_8x.o(.data) for SystemCoreClock
    main.o(.text) refers to lpc177x_8x_clkpwr.o(.text) for CLKPWR_GetCLK
    main.o(.text) refers to key.o(.text) for HW_keyInt
    main.o(.text) refers to test.o(.text) for Power_Process
    main.o(.text) refers to usbhost_fat.o(.text) for FILE_Open
    main.o(.text) refers to globalvalue.o(.data) for softswitch
    main.o(.text) refers to globalvalue.o(.data) for SystemStatus
    main.o(.text) refers to usbhost_lpc17xx.o(.data) for UserBuffer
    timer.o(.text) refers to system_lpc177x_8x.o(.data) for PeripheralClock
    timer.o(.text) refers to timer.o(.data) for .data
    lpc177x_8x_lcd.o(.text) refers to asciilib.o(.text) for GetASCIICode
    lpc177x_8x_lcd.o(.text) refers to system_lpc177x_8x.o(.data) for PeripheralClock
    lpc177x_8x_lcd.o(.text) refers to lpc177x_8x_lcd.o(.constdata) for .constdata
    lpc177x_8x_lcd.o(.text) refers to lpc177x_8x_lcd.o(.data) for .data
    lpc177x_8x_lcd.o(.text) refers to asciilib.o(.constdata) for _num
    lpc177x_8x_lcd.o(.text) refers to globalvalue.o(.bss) for DispBuf
    logo.o(.data) refers to logo.o(.constdata) for LogoStream
    logo.o(.data) refers to logo.o(.conststring) for .conststring
    asciilib.o(.text) refers to rt_memcpy_v6.o(.text) for __aeabi_memcpy
    asciilib.o(.text) refers to asciilib.o(.constdata) for .constdata
    touchpanel.o(.text) refers to lpc177x_8x_ssp.o(.text) for SSP_ReadWrite
    touchpanel.o(.text) refers to lpc177x_8x_pinsel.o(.text) for PINSEL_ConfigPin
    touchpanel.o(.text) refers to lpc177x_8x_gpio.o(.text) for GPIO_SetDir
    touchpanel.o(.text) refers to rt_memclr_w.o(.text) for __aeabi_memclr4
    touchpanel.o(.text) refers to dflt_clz.o(x$fpl$dflt) for __aeabi_i2d
    touchpanel.o(.text) refers to deqf.o(x$fpl$deqf) for __aeabi_cdcmpeq
    touchpanel.o(.text) refers to dflt_clz.o(x$fpl$dfltu) for __aeabi_ui2d
    touchpanel.o(.text) refers to dmul.o(x$fpl$dmul) for __aeabi_dmul
    touchpanel.o(.text) refers to daddsub_clz.o(x$fpl$dadd) for __aeabi_dadd
    touchpanel.o(.text) refers to ddiv.o(x$fpl$ddiv) for __aeabi_ddiv
    touchpanel.o(.text) refers to dfixu.o(x$fpl$dfixu) for __aeabi_d2uiz
    touchpanel.o(.text) refers to touchpanel.o(.bss) for .bss
    touchpanel.o(.text) refers to touchpanel.o(.data) for .data
    touchpanel.o(.text) refers to lpc177x_8x_lcd.o(.text) for lcd_Clear
    use_disp.o(.text) refers to lpc177x_8x_lcd.o(.text) for LCD_DrawRect
    use_disp.o(.text) refers to lpc177x_8x_lcd.o(.data) for Colour
    use_disp.o(.text) refers to use_disp.o(.constdata) for .constdata
    use_disp.o(.text) refers to globalvalue.o(.bss) for Tft_5520
    use_disp.o(.text) refers to asciilib.o(.constdata) for Out_Assic
    use_disp.o(.text) refers to globalvalue.o(.bss) for SaveData
    use_disp.o(.text) refers to globalvalue.o(.bss) for DispBuf
    use_disp.o(.text) refers to globalvalue.o(.data) for SystemStatus
    use_disp.o(.text) refers to globalvalue.o(.bss) for Send_Testvalue
    use_disp.o(.text) refers to dflt_clz.o(x$fpl$dfltu) for __aeabi_ui2d
    use_disp.o(.text) refers to dmul.o(x$fpl$dmul) for __aeabi_dmul
    use_disp.o(.text) refers to dfixu.o(x$fpl$dfixu) for __aeabi_d2uiz
    use_disp.o(.text) refers to pow.o(i.pow) for pow
    use_disp.o(.text) refers to ddiv.o(x$fpl$ddiv) for __aeabi_ddiv
    use_disp.o(.text) refers to rt_memcpy_w.o(.text) for __aeabi_memcpy4
    use_disp.o(.text) refers to fflt_clz.o(x$fpl$ffltu) for __aeabi_ui2f
    use_disp.o(.text) refers to f2d.o(x$fpl$f2d) for __aeabi_f2d
    use_disp.o(.text) refers to asciilib.o(.constdata) for _C
    use_disp.o(.text) refers to asciilib.o(.constdata) for _p
    use_disp.o(.text) refers to key.o(.text) for HW_KeyScsn
    use_disp.o(.text) refers to test.o(.text) for V_BCD_Int
    use_disp.o(.text) refers to debug_frmwrk.o(.text) for UARTPuts
    use_disp.o(.text) refers to globalvalue.o(.bss) for Save_Res
    use_disp.o(.text) refers to rt_memclr_w.o(.text) for __aeabi_memclr4
    use_disp.o(.text) refers to lpc177x_8x_eeprom.o(.text) for EEPROM_Write
    use_disp.o(.text) refers to test.o(.data) for keynum
    use_disp.o(.text) refers to globalvalue.o(.bss) for Test_Dispvalue
    use_disp.o(.text) refers to globalvalue.o(.bss) for Count_buff
    use_disp.o(.text) refers to globalvalue.o(.bss) for Tft_5520_Dispvalue
    use_disp.o(.text) refers to asciilib.o(.constdata) for nBitmapDot
    use_disp.o(.text) refers to globalvalue.o(.data) for LcdAddr
    use_disp.o(.text) refers to globalvalue.o(.bss) for NumBox
    use_disp.o(.data) refers to use_disp.o(.constdata) for User_FUNC
    key.o(.text) refers to lpc177x_8x_gpio.o(.text) for GPIO_SetValue
    key.o(.text) refers to key.o(.data) for .data
[...]
    File_Process                             0x00005efd   Thumb Code    24  test.o(.text)
    Setup_Process                            0x00005f15   Thumb Code   798  test.o(.text)
    Data_StoreProcess                        0x00006233   Thumb Code    22  test.o(.text)
    Test_Comp                                0x00006249   Thumb Code   256  test.o(.text)
    Range_Process                            0x00006349   Thumb Code   316  test.o(.text)
    Inttofloat                               0x00006485   Thumb Code   144  test.o(.text)
    Set_Compbcd_float                        0x00006515   Thumb Code   184  test.o(.text)
    Range_CountProcess                       0x000065cd   Thumb Code   342  test.o(.text)
    ItemProcess                              0x00006723   Thumb Code   172  test.o(.text)
    Disp_NumKeyboard_Set                     0x000067cf   Thumb Code   676  test.o(.text)
    Disp_Set_Num                             0x00006a73   Thumb Code    74  test.o(.text)
    Freq_Set_Num                             0x00006abd   Thumb Code    40  test.o(.text)
    Use_ITEMSetProcess                       0x00006ae5   Thumb Code   540  test.o(.text)
    Input_compvalue                          0x00006d01   Thumb Code   860  test.o(.text)
    Disp_Set_InputpreNum                     0x0000705d   Thumb Code    94  test.o(.text)
    Disp_Set_InputNum                        0x000070bb   Thumb Code    74  test.o(.text)
    Use_LimitSetProcess                      0x00007105   Thumb Code   712  test.o(.text)
    Sys_Process                              0x000073cd   Thumb Code   190  test.o(.text)
    Soft_Turnon                              0x0000748b   Thumb Code    64  test.o(.text)
    Use_SysSetProcess                        0x000074cb   Thumb Code   474  test.o(.text)
    Use_DebugProcess                         0x000076a5   Thumb Code   544  test.o(.text)
    Fac_DebugProcess                         0x000078c5   Thumb Code    20  test.o(.text)
    PackStandFrame                           0x000078d9   Thumb Code    36  test.o(.text)
    Disp_Set_CompNum                         0x000078fd   Thumb Code    74  test.o(.text)
    Avg_Set_Num                              0x00007947   Thumb Code   154  test.o(.text)
    Set_daot                                 0x000079e1   Thumb Code    50  test.o(.text)
    V_Test_Comp                              0x00007a13   Thumb Code    28  test.o(.text)
    R_Test_Comp                              0x00007a2f   Thumb Code    26  test.o(.text)
    Comp_prompt                              0x00007a49   Thumb Code    62  test.o(.text)
    Input_int                                0x00007a87   Thumb Code    36  test.o(.text)
    BCDtoInt                                 0x00007aab   Thumb Code   138  test.o(.text)
    VBCDtoInt                                0x00007b35   Thumb Code   116  test.o(.text)
    V_BCD_Int                                0x00007ba9   Thumb Code    60  test.o(.text)
    BCD_Int                                  0x00007be5   Thumb Code   216  test.o(.text)
    Debug_Res                                0x00007cbd   Thumb Code    18  test.o(.text)
    Main_Read                                0x00007ccf   Thumb Code    76  test.o(.text)
    SystemCoreClockUpdate                    0x00007d3d   Thumb Code   284  system_lpc177x_8x.o(.text)
    SystemInit                               0x00007e59   Thumb Code   136  system_lpc177x_8x.o(.text)
    GPIO_SetDir                              0x00007f8b   Thumb Code    28  lpc177x_8x_gpio.o(.text)
    GPIO_SetValue                            0x00007fa7   Thumb Code    16  lpc177x_8x_gpio.o(.text)
    GPIO_ClearValue                          0x00007fb7   Thumb Code    16  lpc177x_8x_gpio.o(.text)
    GPIO_OutputValue                         0x00007fc7   Thumb Code     6  lpc177x_8x_gpio.o(.text)
    GPIO_ReadValue                           0x00007fcd   Thumb Code    14  lpc177x_8x_gpio.o(.text)
    GPIO_IntCmd                              0x00007fdb   Thumb Code    56  lpc177x_8x_gpio.o(.text)
    GPIO_GetIntStatus                        0x00008013   Thumb Code    62  lpc177x_8x_gpio.o(.text)
    GPIO_ClearInt                            0x00008051   Thumb Code    22  lpc177x_8x_gpio.o(.text)
    FIO_SetDir                               0x00008067   Thumb Code     2  lpc177x_8x_gpio.o(.text)
    FIO_SetValue                             0x00008069   Thumb Code     2  lpc177x_8x_gpio.o(.text)
    FIO_ClearValue                           0x0000806b   Thumb Code     2  lpc177x_8x_gpio.o(.text)
    FIO_ReadValue                            0x0000806d   Thumb Code     2  lpc177x_8x_gpio.o(.text)
    FIO_IntCmd                               0x0000806f   Thumb Code     2  lpc177x_8x_gpio.o(.text)
    FIO_GetIntStatus                         0x00008071   Thumb Code     2  lpc177x_8x_gpio.o(.text)
    FIO_ClearInt                             0x00008073   Thumb Code     2  lpc177x_8x_gpio.o(.text)
    FIO_SetMask                              0x00008075   Thumb Code    28  lpc177x_8x_gpio.o(.text)
    FIO_HalfWordSetDir                       0x00008091   Thumb Code    50  lpc177x_8x_gpio.o(.text)
    FIO_HalfWordSetMask                      0x000080c3   Thumb Code    50  lpc177x_8x_gpio.o(.text)
    FIO_HalfWordSetValue                     0x000080f5   Thumb Code    24  lpc177x_8x_gpio.o(.text)
    FIO_HalfWordClearValue                   0x0000810d   Thumb Code    24  lpc177x_8x_gpio.o(.text)
    FIO_HalfWordReadValue                    0x00008125   Thumb Code    22  lpc177x_8x_gpio.o(.text)
    FIO_ByteSetDir                           0x0000813b   Thumb Code    44  lpc177x_8x_gpio.o(.text)
    FIO_ByteSetMask                          0x00008167   Thumb Code    44  lpc177x_8x_gpio.o(.text)
    FIO_ByteSetValue                         0x00008193   Thumb Code    24  lpc177x_8x_gpio.o(.text)
    FIO_ByteClearValue                       0x000081ab   Thumb Code    24  lpc177x_8x_gpio.o(.text)
    FIO_ByteReadValue                        0x000081c3   Thumb Code    24  lpc177x_8x_gpio.o(.text)
    CLKPWR_SetCLKDiv                         0x000081e5   Thumb Code    62  lpc177x_8x_clkpwr.o(.text)
    CLKPWR_GetCLK                            0x00008223   Thumb Code    34  lpc177x_8x_clkpwr.o(.text)
    CLKPWR_ConfigPPWR                        0x00008245   Thumb Code    28  lpc177x_8x_clkpwr.o(.text)
    CLKPWR_Sleep                             0x00008261   Thumb Code    12  lpc177x_8x_clkpwr.o(.text)
    CLKPWR_DeepSleep                         0x0000826d   Thumb Code    18  lpc177x_8x_clkpwr.o(.text)
    CLKPWR_PowerDown                         0x0000827f   Thumb Code    18  lpc177x_8x_clkpwr.o(.text)
    CLKPWR_DeepPowerDown                     0x00008291   Thumb Code    18  lpc177x_8x_clkpwr.o(.text)
    UART_Init                                0x000083d9   Thumb Code   234  lpc177x_8x_uart.o(.text)
    UART_TxCmd                               0x000084c3   Thumb Code    26  lpc177x_8x_uart.o(.text)
    UART_DeInit                              0x000084dd   Thumb Code    74  lpc177x_8x_uart.o(.text)
    UART_ConfigStructInit                    0x00008527   Thumb Code    12  lpc177x_8x_uart.o(.text)
    UART_SendByte                            0x00008533   Thumb Code     6  lpc177x_8x_uart.o(.text)
    UART_ReceiveByte                         0x00008539   Thumb Code     6  lpc177x_8x_uart.o(.text)
    UART_Send                                0x0000853f   Thumb Code   114  lpc177x_8x_uart.o(.text)
    UART_Receive                             0x000085b1   Thumb Code    82  lpc177x_8x_uart.o(.text)
    UART_ForceBreak                          0x00008603   Thumb Code    12  lpc177x_8x_uart.o(.text)
    UART_IntConfig                           0x0000860f   Thumb Code    84  lpc177x_8x_uart.o(.text)
    UART_GetLineStatus                       0x00008663   Thumb Code    14  lpc177x_8x_uart.o(.text)
    UART_GetIntId                            0x00008671   Thumb Code    10  lpc177x_8x_uart.o(.text)
    UART_CheckBusy                           0x0000867b   Thumb Code    14  lpc177x_8x_uart.o(.text)
    UART_FIFOConfig                          0x00008689   Thumb Code    64  lpc177x_8x_uart.o(.text)
    UART_FIFOConfigStructInit                0x000086c9   Thumb Code    14  lpc177x_8x_uart.o(.text)
    UART_ABCmd                               0x000086d7   Thumb Code   102  lpc177x_8x_uart.o(.text)
    UART_ABClearIntPending                   0x0000873d   Thumb Code    10  lpc177x_8x_uart.o(.text)
    UART_IrDAInvtInputCmd                    0x00008747   Thumb Code    30  lpc177x_8x_uart.o(.text)
    UART_IrDACmd                             0x00008765   Thumb Code    38  lpc177x_8x_uart.o(.text)
    UART_IrDAPulseDivConfig                  0x0000878b   Thumb Code    24  lpc177x_8x_uart.o(.text)
    UART_FullModemForcePinState              0x000087a3   Thumb Code    36  lpc177x_8x_uart.o(.text)
    UART_FullModemConfigMode                 0x000087c7   Thumb Code    42  lpc177x_8x_uart.o(.text)
    UART_FullModemGetStatus                  0x000087f1   Thumb Code     4  lpc177x_8x_uart.o(.text)
    UART_RS485Config                         0x000087f5   Thumb Code    88  lpc177x_8x_uart.o(.text)
    UART_RS485ReceiverCmd                    0x0000884d   Thumb Code    22  lpc177x_8x_uart.o(.text)
    UART_RS485Send                           0x00008863   Thumb Code    46  lpc177x_8x_uart.o(.text)
    UART_RS485SendSlvAddr                    0x00008891   Thumb Code    14  lpc177x_8x_uart.o(.text)
    UART_RS485SendData                       0x0000889f   Thumb Code     4  lpc177x_8x_uart.o(.text)
    UARTPutChar                              0x000088a9   Thumb Code    14  debug_frmwrk.o(.text)
    UARTGetChar                              0x000088b7   Thumb Code    24  debug_frmwrk.o(.text)
    UARTPuts                                 0x000088cf   Thumb Code    30  debug_frmwrk.o(.text)
    UARTGetValue                             0x000088ed   Thumb Code   244  debug_frmwrk.o(.text)
    UARTPuts_                                0x000089e1   Thumb Code    18  debug_frmwrk.o(.text)
    UARTPutDec                               0x000089f3   Thumb Code    72  debug_frmwrk.o(.text)
    UARTPutDec16                             0x00008a3b   Thumb Code   126  debug_frmwrk.o(.text)
    UARTPutDec32                             0x00008ab9   Thumb Code   258  debug_frmwrk.o(.text)
    UARTPutHex_                              0x00008bbb   Thumb Code    42  debug_frmwrk.o(.text)
    UARTPutHex                               0x00008be5   Thumb Code    48  debug_frmwrk.o(.text)
    UARTPutHex16_                            0x00008c15   Thumb Code    42  debug_frmwrk.o(.text)
    UARTPutHex16                             0x00008c3f   Thumb Code    48  debug_frmwrk.o(.text)
    UARTPutHex32_                            0x00008c6f   Thumb Code    42  debug_frmwrk.o(.text)
    UARTPutHex32                             0x00008c99   Thumb Code    48  debug_frmwrk.o(.text)
    _printf                                  0x00008cc9   Thumb Code    30  debug_frmwrk.o(.text)
    debug_frmwrk_init                        0x00008ce7   Thumb Code   292  debug_frmwrk.o(.text)
    Uart3_init                               0x00008e0b   Thumb Code   108  debug_frmwrk.o(.text)
    Uart0RecTimeOut                          0x00008e77   Thumb Code    34  debug_frmwrk.o(.text)
    Uart_Process                             0x00008e99   Thumb Code    60  debug_frmwrk.o(.text)
    UART0_IRQHandler                         0x00008ed5   Thumb Code   102  debug_frmwrk.o(.text)
    Uart3_Process                            0x00008f3b   Thumb Code   624  debug_frmwrk.o(.text)
    UART3_IRQHandler                         0x000091ab   Thumb Code   104  debug_frmwrk.o(.text)
    Uart3_Send                               0x00009213   Thumb Code    26  debug_frmwrk.o(.text)
    PINSEL_ConfigPin                         0x00009269   Thumb Code    20  lpc177x_8x_pinsel.o(.text)
    PINSEL_SetPinMode                        0x0000927d   Thumb Code    20  lpc177x_8x_pinsel.o(.text)
    PINSEL_SetHysMode                        0x00009291   Thumb Code    26  lpc177x_8x_pinsel.o(.text)
    PINSEL_SetSlewMode                       0x000092ab   Thumb Code    26  lpc177x_8x_pinsel.o(.text)
    PINSEL_SetInBufMode                      0x000092c5   Thumb Code    26  lpc177x_8x_pinsel.o(.text)
    PINSEL_SetI2CMode                        0x000092df   Thumb Code    22  lpc177x_8x_pinsel.o(.text)
    PINSEL_SetOpenDrainMode                  0x000092f5   Thumb Code    26  lpc177x_8x_pinsel.o(.text)
    PINSEL_SetAnalogPinMode                  0x0000930f   Thumb Code    90  lpc177x_8x_pinsel.o(.text)
    PINSEL_DacEnable                         0x00009369   Thumb Code    36  lpc177x_8x_pinsel.o(.text)
    PINSEL_SetFilter                         0x0000938d   Thumb Code    48  lpc177x_8x_pinsel.o(.text)
    EEPROM_Init                              0x000093cd   Thumb Code   100  lpc177x_8x_eeprom.o(.text)
    EEPROM_Write                             0x00009431   Thumb Code   238  lpc177x_8x_eeprom.o(.text)
    EEPROM_Read                              0x0000951f   Thumb Code   208  lpc177x_8x_eeprom.o(.text)
    EEPROM_Erase                             0x000095ef   Thumb Code    72  lpc177x_8x_eeprom.o(.text)
    EEPROM_PowerDown                         0x00009637   Thumb Code    16  lpc177x_8x_eeprom.o(.text)
    FAT_GetFATType                           0x00009655   Thumb Code    32  usbhost_fat.o(.text)
    FAT_Init                                 0x00009675   Thumb Code   240  usbhost_fat.o(.text)
    FAT_PutSFN                               0x00009765   Thumb Code   142  usbhost_fat.o(.text)
    FAT_ChkEntType                           0x000097f3   Thumb Code    32  usbhost_fat.o(.text)
    FAT_GetFreeEntry                         0x00009813   Thumb Code    90  usbhost_fat.o(.text)
    FAT_StrCaseCmp                           0x0000986d   Thumb Code    52  usbhost_fat.o(.text)
    FAT_GetSfnExt                            0x000098a1   Thumb Code    40  usbhost_fat.o(.text)
    FAT_GetSfnName                           0x000098c9   Thumb Code    32  usbhost_fat.o(.text)
    FAT_GetSFN                               0x000098e9   Thumb Code    62  usbhost_fat.o(.text)
    FAT_FindEntry                            0x00009927   Thumb Code   146  usbhost_fat.o(.text)
    FAT_CreateEntry                          0x000099b9   Thumb Code    36  usbhost_fat.o(.text)
    FILE_Open                                0x000099dd   Thumb Code    66  usbhost_fat.o(.text)
    FAT_ClusRead                             0x00009a1f   Thumb Code   202  usbhost_fat.o(.text)
    FAT_GetNextClus                          0x00009ae9   Thumb Code    56  usbhost_fat.o(.text)
    FILE_Read                                0x00009b21   Thumb Code   162  usbhost_fat.o(.text)
    FAT_UpdateFAT                            0x00009bc3   Thumb Code    64  usbhost_fat.o(.text)
    FAT_GetFreeClus                          0x00009c03   Thumb Code    84  usbhost_fat.o(.text)
    FAT_ClusWrite                            0x00009c57   Thumb Code   218  usbhost_fat.o(.text)
    FAT_GetEndClus                           0x00009d31   Thumb Code    22  usbhost_fat.o(.text)
    FILE_Write                               0x00009d47   Thumb Code   220  usbhost_fat.o(.text)
    FAT_UpdateEntry                          0x00009e23   Thumb Code    48  usbhost_fat.o(.text)
    FILE_Close                               0x00009e53   Thumb Code    70  usbhost_fat.o(.text)
    Host_DelayUS                             0x00009ea1   Thumb Code    18  usbhost_lpc17xx.o(.text)
    Host_DelayMS                             0x00009eb3   Thumb Code    32  usbhost_lpc17xx.o(.text)
    Host_HCCAInit                            0x00009ed3   Thumb Code    26  usbhost_lpc17xx.o(.text)
    Host_TDInit                              0x00009eed   Thumb Code    12  usbhost_lpc17xx.o(.text)
    Host_EDInit                              0x00009ef9   Thumb Code    12  usbhost_lpc17xx.o(.text)
    Host_Init                                0x00009f05   Thumb Code   342  usbhost_lpc17xx.o(.text)
    USB_IRQHandler                           0x0000a05b   Thumb Code   208  usbhost_lpc17xx.o(.text)
    Host_WDHWait                             0x0000a12b   Thumb Code    14  usbhost_lpc17xx.o(.text)
    Host_ProcessTD                           0x0000a139   Thumb Code   146  usbhost_lpc17xx.o(.text)
    WriteLE16U                               0x0000a1cb   Thumb Code    16  usbhost_lpc17xx.o(.text)
    Host_FillSetup                           0x0000a1db   Thumb Code    62  usbhost_lpc17xx.o(.text)
    Host_CtrlSend                            0x0000a219   Thumb Code    68  usbhost_lpc17xx.o(.text)
    ReadLE16U                                0x0000a25d   Thumb Code    20  usbhost_lpc17xx.o(.text)
    Host_CtrlRecv                            0x0000a271   Thumb Code    68  usbhost_lpc17xx.o(.text)
    Host_EnumDev                             0x0000a2b5   Thumb Code   316  usbhost_lpc17xx.o(.text)
    ReadLE32U                                0x0000a3f1   Thumb Code    28  usbhost_lpc17xx.o(.text)
    WriteLE32U                               0x0000a40d   Thumb Code    16  usbhost_lpc17xx.o(.text)
    ReadBE32U                                0x0000a41d   Thumb Code    28  usbhost_lpc17xx.o(.text)
    WriteBE32U                               0x0000a439   Thumb Code    16  usbhost_lpc17xx.o(.text)
    ReadBE16U                                0x0000a449   Thumb Code    20  usbhost_lpc17xx.o(.text)
    WriteBE16U                               0x0000a45d   Thumb Code    16  usbhost_lpc17xx.o(.text)
    Fill_MSCommand                           0x0000a46d   Thumb Code   144  usbhost_ms.o(.text)
    MS_Inquire                               0x0000a4fd   Thumb Code   124  usbhost_ms.o(.text)
    MS_ReadCapacity                          0x0000a579   Thumb Code   124  usbhost_ms.o(.text)
    MS_GetSenseInfo                          0x0000a5f5   Thumb Code    96  usbhost_ms.o(.text)
    MS_TestUnitReady                         0x0000a655   Thumb Code    76  usbhost_ms.o(.text)
    MS_GetMaxLUN                             0x0000a6a1   Thumb Code    26  usbhost_ms.o(.text)
    MS_Init                                  0x0000a6bb   Thumb Code    66  usbhost_ms.o(.text)
    MS_ParseConfiguration                    0x0000a6fd   Thumb Code   170  usbhost_ms.o(.text)
    MS_BulkRecv                              0x0000a7a7   Thumb Code   126  usbhost_ms.o(.text)
    MS_BulkSend                              0x0000a825   Thumb Code   128  usbhost_ms.o(.text)
    __aeabi_uldivmod                         0x0000a8a5   Thumb Code     0  lludivv7m.o(.text)
    _ll_udiv                                 0x0000a8a5   Thumb Code   238  lludivv7m.o(.text)
    __2sprintf                               0x0000a995   Thumb Code    38  __2sprintf.o(.text)
    _printf_pre_padding                      0x0000a9c1   Thumb Code    44  _printf_pad.o(.text)
    _printf_post_padding                     0x0000a9ed   Thumb Code    34  _printf_pad.o(.text)
    __printf                                 0x0000aa11   Thumb Code   388  __printf_flags_ss_wp.o(.text)
    strcat                                   0x0000ab99   Thumb Code    24  strcat.o(.text)
    __aeabi_memcpy                           0x0000abb1   Thumb Code     0  rt_memcpy_v6.o(.text)
    __rt_memcpy                              0x0000abb1   Thumb Code   138  rt_memcpy_v6.o(.text)
    _memcpy_lastbytes                        0x0000ac17   Thumb Code     0  rt_memcpy_v6.o(.text)
    __aeabi_memcpy4                          0x0000ac3b   Thumb Code     0  rt_memcpy_w.o(.text)
    __aeabi_memcpy8                          0x0000ac3b   Thumb Code     0  rt_memcpy_w.o(.text)
    __rt_memcpy_w                            0x0000ac3b   Thumb Code   100  rt_memcpy_w.o(.text)
    _memcpy_lastbytes_aligned                0x0000ac83   Thumb Code     0  rt_memcpy_w.o(.text)
    __aeabi_memclr4                          0x0000ac9f   Thumb Code     0  rt_memclr_w.o(.text)
    __aeabi_memclr8                          0x0000ac9f   Thumb Code     0  rt_memclr_w.o(.text)
    __rt_memclr_w                            0x0000ac9f   Thumb Code    78  rt_memclr_w.o(.text)
    _memset_w                                0x0000aca3   Thumb Code     0  rt_memclr_w.o(.text)
    __read_errno                             0x0000aced   Thumb Code    10  _rserrno.o(.text)
    __set_errno                              0x0000acf7   Thumb Code    12  _rserrno.o(.text)
    _printf_truncate_signed                  0x0000ad03   Thumb Code    18  _printf_truncate.o(.text)
    _printf_truncate_unsigned                0x0000ad15   Thumb Code    18  _printf_truncate.o(.text)
    _printf_str                              0x0000ad27   Thumb Code    82  _printf_str.o(.text)
    _printf_int_dec                          0x0000ad79   Thumb Code   104  _printf_dec.o(.text)
    _printf_charcount                        0x0000adf1   Thumb Code    40  _printf_charcount.o(.text)
    __lib_sel_fp_printf                      0x0000ae19   Thumb Code     2  _printf_fp_dec.o(.text)
    _printf_fp_dec_real                      0x0000afcb   Thumb Code   620  _printf_fp_dec.o(.text)
    _printf_char_common                      0x0000b243   Thumb Code    32  _printf_char_common.o(.text)
    _sputc                                   0x0000b269   Thumb Code    10  _sputc.o(.text)
    _printf_wctomb                           0x0000b275   Thumb Code   182  _printf_wctomb.o(.text)
    _printf_longlong_dec                     0x0000b331   Thumb Code   108  _printf_longlong_dec.o(.text)
    _printf_longlong_oct                     0x0000b3ad   Thumb Code    66  _printf_oct_int_ll.o(.text)
    _printf_int_oct                          0x0000b3ef   Thumb Code    24  _printf_oct_int_ll.o(.text)
    _printf_ll_oct                           0x0000b407   Thumb Code    12  _printf_oct_int_ll.o(.text)
    _printf_longlong_hex                     0x0000b41d   Thumb Code    86  _printf_hex_int_ll_ptr.o(.text)
    _printf_int_hex                          0x0000b473   Thumb Code    28  _printf_hex_int_ll_ptr.o(.text)
    _printf_ll_hex                           0x0000b48f   Thumb Code    12  _printf_hex_int_ll_ptr.o(.text)
    _printf_hex_ptr                          0x0000b49b   Thumb Code    18  _printf_hex_int_ll_ptr.o(.text)
    __strtod_int                             0x0000b4ed   Thumb Code    90  strtod.o(.text)
    __rt_locale                              0x0000b555   Thumb Code     8  rt_locale_intlibspace.o(.text)
    __aeabi_errno_addr                       0x0000b55d   Thumb Code     8  rt_errno_addr_intlibspace.o(.text)
    __errno$intlibspace                      0x0000b55d   Thumb Code     0  rt_errno_addr_intlibspace.o(.text)
    __rt_errno_addr$intlibspace              0x0000b55d   Thumb Code     0  rt_errno_addr_intlibspace.o(.text)
    _ll_udiv10                               0x0000b565   Thumb Code   138  lludiv10.o(.text)
    isspace                                  0x0000b5ef   Thumb Code    18  isspace.o(.text)
    _printf_int_common                       0x0000b601   Thumb Code   178  _printf_intcommon.o(.text)
    _printf_fp_infnan                        0x0000b6b5   Thumb Code   112  _printf_fp_infnan.o(.text)
    _printf_cs_common                        0x0000b735   Thumb Code    20  _printf_char.o(.text)
    _printf_char                             0x0000b749   Thumb Code    16  _printf_char.o(.text)
    _printf_string                           0x0000b759   Thumb Code     8  _printf_char.o(.text)
    _printf_lcs_common                       0x0000b761   Thumb Code    20  _printf_wchar.o(.text)
    _printf_wchar                            0x0000b775   Thumb Code    16  _printf_wchar.o(.text)
    _printf_wstring                          0x0000b785   Thumb Code     8  _printf_wchar.o(.text)
    _sgetc                                   0x0000b78d   Thumb Code    30  _sgetc.o(.text)
    _sbackspace                              0x0000b7ab   Thumb Code    34  _sgetc.o(.text)
    _btod_etento                             0x0000b7cd   Thumb Code   224  bigflt0.o(.text)
    _wcrtomb                                 0x0000b8b1   Thumb Code    64  _wcrtomb.o(.text)
    __user_libspace                          0x0000b8f1   Thumb Code     8  libspace.o(.text)
    __user_perproc_libspace                  0x0000b8f1   Thumb Code     0  libspace.o(.text)
    __user_perthread_libspace                0x0000b8f1   Thumb Code     0  libspace.o(.text)
    __user_setup_stackheap                   0x0000b8f9   Thumb Code    74  sys_stackheap_outer.o(.text)
    __rt_ctype_table                         0x0000b945   Thumb Code    16  rt_ctype_table.o(.text)
    _scanf_really_real                       0x0000bba1   Thumb Code   684  scanf_fp.o(.text)
    exit                                     0x0000be4d   Thumb Code    18  exit.o(.text)
    strcmp                                   0x0000be61   Thumb Code   128  strcmpv7m.o(.text)
    _sys_exit                                0x0000bee1   Thumb Code     8  sys_exit.o(.text)
    _scanf_really_hex_real                   0x0000beed   Thumb Code   786  scanf_hexfp.o(.text)
    _scanf_really_infnan                     0x0000c20d   Thumb Code   292  scanf_infnan.o(.text)
    __aeabi_llsl                             0x0000c341   Thumb Code     0  llshl.o(.text)
    _ll_shift_l                              0x0000c341   Thumb Code    38  llshl.o(.text)
    _chval                                   0x0000c367   Thumb Code    28  _chval.o(.text)
    _btod_d2e                                0x0000c383   Thumb Code    62  btod.o(CL$$btod_d2e)
    _d2e_denorm_low                          0x0000c3c1   Thumb Code    70  btod.o(CL$$btod_d2e_denorm_low)
    _d2e_norm_op1                            0x0000c407   Thumb Code    96  btod.o(CL$$btod_d2e_norm_op1)
    __btod_div_common                        0x0000c467   Thumb Code   696  btod.o(CL$$btod_div_common)
    _e2d                                     0x0000c7a1   Thumb Code   122  btod.o(CL$$btod_e2d)
    _e2e                                     0x0000c825   Thumb Code   220  btod.o(CL$$btod_e2e)
    _btod_ediv                               0x0000c901   Thumb Code    42  btod.o(CL$$btod_ediv)
    _btod_edivd                              0x0000c92b   Thumb Code    42  btod.o(CL$$btod_edivd)
    _btod_emul                               0x0000c955   Thumb Code    42  btod.o(CL$$btod_emul)
    _btod_emuld                              0x0000c97f   Thumb Code    42  btod.o(CL$$btod_emuld)
    __btod_mult_common                       0x0000c9a9   Thumb Code   580  btod.o(CL$$btod_mult_common)
    __ARM_fpclassify                         0x0000cbed   Thumb Code    40  fpclassify.o(i.__ARM_fpclassify)
    __kernel_poly                            0x0000cc15   Thumb Code   170  poly.o(i.__kernel_poly)
    __mathlib_dbl_divzero                    0x0000ccc1   Thumb Code    12  dunder.o(i.__mathlib_dbl_divzero)
    __mathlib_dbl_invalid                    0x0000ccd1   Thumb Code    12  dunder.o(i.__mathlib_dbl_invalid)
    __mathlib_dbl_overflow                   0x0000ccdd   Thumb Code    14  dunder.o(i.__mathlib_dbl_overflow)
    __mathlib_dbl_underflow                  0x0000cced   Thumb Code    10  dunder.o(i.__mathlib_dbl_underflow)
    __mathlib_narrow                         0x0000ccfd   Thumb Code    16  narrow.o(i.__mathlib_narrow)
    __mathlib_tofloat                        0x0000cd0d   Thumb Code   184  narrow.o(i.__mathlib_tofloat)
    __support_ldexp                          0x0000cdc9   Thumb Code    22  ldexp.o(i.__support_ldexp)
    _is_digit                                0x0000cddf   Thumb Code    14  __printf_wp.o(i._is_digit)
    atof                                     0x0000cded   Thumb Code    42  atof.o(i.atof)
    frexp                                    0x0000ce19   Thumb Code    80  frexp.o(i.frexp)
    ldexp                                    0x0000ce71   Thumb Code   116  ldexp.o(i.ldexp)
    pow                                      0x0000cee5   Thumb Code  2512  pow.o(i.pow)
    sqrt                                     0x0000d8bd   Thumb Code    76  sqrt.o(i.sqrt)
    _get_lc_numeric                          0x0000d909   Thumb Code    44  lc_numeric_c.o(locale$$code)
    _get_lc_ctype                            0x0000d935   Thumb Code    44  lc_ctype_c.o(locale$$code)
    __aeabi_d2f                              0x0000d961   Thumb Code     0  d2f.o(x$fpl$d2f)
    _d2f                                     0x0000d961   Thumb Code    98  d2f.o(x$fpl$d2f)
    __aeabi_dadd                             0x0000d9c5   Thumb Code     0  daddsub_clz.o(x$fpl$dadd)
    _dadd                                    0x0000d9c5   Thumb Code   332  daddsub_clz.o(x$fpl$dadd)
    __fpl_dcheck_NaN1                        0x0000db15   Thumb Code    10  dcheck1.o(x$fpl$dcheck1)
    __fpl_dcmp_Inf                           0x0000db25   Thumb Code    24  dcmpi.o(x$fpl$dcmpinf)
    __aeabi_ddiv                             0x0000db3d   Thumb Code     0  ddiv.o(x$fpl$ddiv)
    _ddiv                                    0x0000db3d   Thumb Code   552  ddiv.o(x$fpl$ddiv)
    __aeabi_cdcmpeq                          0x0000dded   Thumb Code     0  deqf.o(x$fpl$deqf)
    _dcmpeq                                  0x0000dded   Thumb Code   120  deqf.o(x$fpl$deqf)
    __aeabi_d2uiz                            0x0000de65   Thumb Code     0  dfixu.o(x$fpl$dfixu)
    _dfixu                                   0x0000de65   Thumb Code    90  dfixu.o(x$fpl$dfixu)
    __aeabi_i2d                              0x0000debf   Thumb Code     0  dflt_clz.o(x$fpl$dflt)
    _dflt                                    0x0000debf   Thumb Code    46  dflt_clz.o(x$fpl$dflt)
    __aeabi_ui2d                             0x0000deed   Thumb Code     0  dflt_clz.o(x$fpl$dfltu)
    _dfltu                                   0x0000deed   Thumb Code    38  dflt_clz.o(x$fpl$dfltu)
    __aeabi_cdcmple                          0x0000df15   Thumb Code     0  dleqf.o(x$fpl$dleqf)
    _dcmple                                  0x0000df15   Thumb Code   120  dleqf.o(x$fpl$dleqf)
    __fpl_dcmple_InfNaN                      0x0000df77   Thumb Code     0  dleqf.o(x$fpl$dleqf)
    __aeabi_dmul                             0x0000df8d   Thumb Code     0  dmul.o(x$fpl$dmul)
    _dmul                                    0x0000df8d   Thumb Code   332  dmul.o(x$fpl$dmul)
    __fpl_dnaninf                            0x0000e0e1   Thumb Code   156  dnaninf.o(x$fpl$dnaninf)
    __fpl_dretinf                            0x0000e17d   Thumb Code    12  dretinf.o(x$fpl$dretinf)
    __aeabi_cdrcmple                         0x0000e189   Thumb Code     0  drleqf.o(x$fpl$drleqf)
    _drcmple                                 0x0000e189   Thumb Code   108  drleqf.o(x$fpl$drleqf)
    __aeabi_drsub                            0x0000e1f5   Thumb Code     0  daddsub_clz.o(x$fpl$drsb)
    _drsb                                    0x0000e1f5   Thumb Code    22  daddsub_clz.o(x$fpl$drsb)
    _dsqrt                                   0x0000e20d   Thumb Code   456  dsqrt_noumaal.o(x$fpl$dsqrt)
    __aeabi_dsub                             0x0000e3d9   Thumb Code     0  daddsub_clz.o(x$fpl$dsub)
    _dsub                                    0x0000e3d9   Thumb Code   464  daddsub_clz.o(x$fpl$dsub)
    __aeabi_f2d                              0x0000e5ad   Thumb Code     0  f2d.o(x$fpl$f2d)
    _f2d                                     0x0000e5ad   Thumb Code    86  f2d.o(x$fpl$f2d)
    __aeabi_fadd                             0x0000e605   Thumb Code     0  faddsub_clz.o(x$fpl$fadd)
    _fadd                                    0x0000e605   Thumb Code   196  faddsub_clz.o(x$fpl$fadd)
    __fpl_fcmp_Inf                           0x0000e6c9   Thumb Code    24  fcmpi.o(x$fpl$fcmpinf)
    __aeabi_fdiv                             0x0000e6e1   Thumb Code     0  fdiv.o(x$fpl$fdiv)
    _fdiv                                    0x0000e6e1   Thumb Code   384  fdiv.o(x$fpl$fdiv)
    __aeabi_f2uiz                            0x0000e865   Thumb Code     0  ffixu.o(x$fpl$ffixu)
    _ffixu                                   0x0000e865   Thumb Code    62  ffixu.o(x$fpl$ffixu)
    __aeabi_ui2f                             0x0000e8a5   Thumb Code     0  fflt_clz.o(x$fpl$ffltu)
    _ffltu                                   0x0000e8a5   Thumb Code    38  fflt_clz.o(x$fpl$ffltu)
    __aeabi_cfcmple                          0x0000e8cd   Thumb Code     0  fleqf.o(x$fpl$fleqf)
    _fcmple                                  0x0000e8cd   Thumb Code   104  fleqf.o(x$fpl$fleqf)
    __fpl_fcmple_InfNaN                      0x0000e91f   Thumb Code     0  fleqf.o(x$fpl$fleqf)
    __aeabi_fmul                             0x0000e935   Thumb Code     0  fmul.o(x$fpl$fmul)
    _fmul                                    0x0000e935   Thumb Code   258  fmul.o(x$fpl$fmul)
    __fpl_fnaninf                            0x0000ea37   Thumb Code   140  fnaninf.o(x$fpl$fnaninf)
    __fpl_fretinf                            0x0000eac3   Thumb Code    10  fretinf.o(x$fpl$fretinf)
    __aeabi_cfrcmple                         0x0000eacd   Thumb Code     0  frleqf.o(x$fpl$frleqf)
    _frcmple                                 0x0000eacd   Thumb Code    98  frleqf.o(x$fpl$frleqf)
    __aeabi_fsub                             0x0000eb31   Thumb Code     0  faddsub_clz.o(x$fpl$fsub)
    _fsub                                    0x0000eb31   Thumb Code   234  faddsub_clz.o(x$fpl$fsub)
    __ieee_status                            0x0000ec1b   Thumb Code     6  istatus.o(x$fpl$ieeestatus)
    _printf_fp_dec                           0x0000ec21   Thumb Code     4  printf1.o(x$fpl$printf1)
    __fpl_return_NaN                         0x0000ec25   Thumb Code   100  retnan.o(x$fpl$retnan)
    __ARM_scalbn                             0x0000ec89   Thumb Code    92  scalbn.o(x$fpl$scalbn)
    _scanf_real                              0x0000ece5   Thumb Code     4  scanf1.o(x$fpl$scanf1)
    _scanf_hex_real                          0x0000ece9   Thumb Code     4  scanf2.o(x$fpl$scanf2)
    _scanf_infnan                            0x0000eced   Thumb Code     4  scanf2.o(x$fpl$scanf2)
    __fpl_cmpreturn                          0x0000ecf1   Thumb Code    48  trapv.o(x$fpl$trapveneer)
    GB_21                                    0x0000ed20   Data        7735  lpc177x_8x_lcd.o(.constdata)
    __I$use$fp                               0x0000ed20   Number         0  usenofp.o(x$fpl$usenofp)
    GB_16                                    0x00010b57   Data        6120  lpc177x_8x_lcd.o(.constdata)
    LogoStream                               0x00012340   Data        1440  logo.o(.constdata)
    _C                                       0x00013350   Data         280  asciilib.o(.constdata)
    _p                                       0x00013468   Data         280  asciilib.o(.constdata)
    _num                                     0x00013580   Data        3328  asciilib.o(.constdata)
    Out_Assic                                0x00014280   Data        8800  asciilib.o(.constdata)
    nBitmapDot                               0x000164e0   Data         144  asciilib.o(.constdata)
    Debug_Dot                                0x00016580   Data           5  use_disp.o(.constdata)
    User_LimitList_Value                     0x00016585   Data           8  use_disp.o(.constdata)
    Num_1                                    0x0001658d   Data          81  use_disp.o(.constdata)
    TFT5520_state                            0x000165de   Data         420  use_disp.o(.constdata)
    Test_Setitem                             0x00016782   Data         120  use_disp.o(.constdata)
    Test_Speedvalue                          0x000167fa   Data          28  use_disp.o(.constdata)
    Test_Compvalue                           0x00016816   Data          28  use_disp.o(.constdata)
    User_FUNC                                0x00016832   Data         216  use_disp.o(.constdata)
    RangeDisp_Main                           0x0001690a   Data          92  use_disp.o(.constdata)
    RangeDisp_Second                         0x00016966   Data          92  use_disp.o(.constdata)
    Fun_SelectValue                          0x000169c2   Data          28  use_disp.o(.constdata)
    User_Freq                                0x000169de   Data         451  use_disp.o(.constdata)
    Setup_Beep                               0x00016ba1   Data          42  use_disp.o(.constdata)
    User_Level                               0x00016bcb   Data          33  use_disp.o(.constdata)
    User_Range                               0x00016bec   Data          55  use_disp.o(.constdata)
    Auto_RangeDisp                           0x00016c23   Data          52  use_disp.o(.constdata)
    Hand_RangeDisp                           0x00016c57   Data          52  use_disp.o(.constdata)
    BiasButton_Tip                           0x00016c8b   Data          16  use_disp.o(.constdata)
    User_Speed                               0x00016c9b   Data          33  use_disp.o(.constdata)
    User_Comp                                0x00016cbc   Data          22  use_disp.o(.constdata)
    Limit_Scan_Fun                           0x00016cd2   Data          10  use_disp.o(.constdata)
    Limit_Scan_Page                          0x00016cdc   Data          14  use_disp.o(.constdata)
    Sys_Bais_Value                           0x00016cea   Data          14  use_disp.o(.constdata)
    Switch_Value                             0x00016cf8   Data          10  use_disp.o(.constdata)
    Range_Item                               0x00016d02   Data          56  use_disp.o(.constdata)
    Set_testitem                             0x00016d3a   Data         360  use_disp.o(.constdata)
    Sys_Sys                                  0x00016ea2   Data         126  use_disp.o(.constdata)
    Sys_Setitem                              0x00016f20   Data         132  use_disp.o(.constdata)
    TFT5520_NAME                             0x00016fa4   Data         104  use_disp.o(.constdata)
    All_TopName                              0x0001700c   Data         242  use_disp.o(.constdata)
    Range_Count_Item                         0x000170fe   Data          21  use_disp.o(.constdata)
    User_Check_main                          0x00017113   Data          39  use_disp.o(.constdata)
    User_Check_Item                          0x0001713a   Data          65  use_disp.o(.constdata)
    User_LimitList_Item                      0x0001717b   Data          48  use_disp.o(.constdata)
    User_LimitList_Item2                     0x000171ab   Data          44  use_disp.o(.constdata)
    User_ListScan_Item                       0x000171d7   Data          63  use_disp.o(.constdata)
    Sys_Language_Value                       0x00017216   Data          16  use_disp.o(.constdata)
    Sys_Buard_Value                          0x00017226   Data          56  use_disp.o(.constdata)
    Set_Unit                                 0x0001725e   Data          60  use_disp.o(.constdata)
    Disp_Unit                                0x0001729a   Data          21  use_disp.o(.constdata)
    Disp_Range_Main_NUm                      0x000172af   Data          24  use_disp.o(.constdata)
    Disp_Range_Main_Disp                     0x000172c7   Data          18  use_disp.o(.constdata)
    Set_Data_Comp                            0x000172da   Data          40  use_disp.o(.constdata)
    Set_Data_Int                             0x00017302   Data          20  use_disp.o(.constdata)
    Sys_Data_Comp                            0x00017316   Data          20  use_disp.o(.constdata)
    Bit_Dot                                  0x0001732a   Data          16  use_disp.o(.constdata)
    Scan_Value                               0x0001736a   Data           8  key.o(.constdata)
    gImage_open                              0x00017372   Data       391680  test.o(.constdata)
    __mathlib_zero                           0x00076e40   Data           8  qnan.o(.constdata)
    Region$$Table$$Base                      0x00076f48   Number         0  anon$$obj.o(Region$$Table)
    Region$$Table$$Limit                     0x00076f68   Number         0  anon$$obj.o(Region$$Table)
    __aeabi_HUGE_VAL                         0x00076f68   Data           0  fpconst.o(c$$dinf)
    __aeabi_HUGE_VALL                        0x00076f68   Data           0  fpconst.o(c$$dinf)
    __aeabi_INFINITY                         0x00076f68   Data           0  fpconst.o(c$$dinf)
    __dInf                                   0x00076f68   Data           0  fpconst.o(c$$dinf)
    __huge_val                               0x00076f68   Data           0  fpconst.o(c$$dinf)
    __dbl_max                                0x00076f70   Data           0  fpconst.o(c$$dmax)
    __ctype                                  0x00076fa1   Data           0  lc_ctype_c.o(locale$$data)
    timer0_counter                           0x10000000   Data           4  timer.o(.data)
    timer1_counter                           0x10000004   Data           4  timer.o(.data)
    timer2_counter                           0x10000008   Data           4  timer.o(.data)
    timer3_counter                           0x1000000c   Data           4  timer.o(.data)
    Colour                                   0x10000010   Data           8  lpc177x_8x_lcd.o(.data)
    LogoPic                                  0x10000018   Data          28  logo.o(.data)
    SysTickCnt                               0x10000038   Data           4  key.o(.data)
    risitvalue                               0x1000003c   Data           4  test.o(.data)
    ParameterLimit                           0x10000040   Data          48  test.o(.data)
    keynum                                   0x10000070   Data           4  test.o(.data)
    Test_Unit                                0x10000074   Data           3  globalvalue.o(.data)
    clear_flag                               0x10000078   Data           4  globalvalue.o(.data)
    Usb_Open_flag                            0x1000007c   Data           4  globalvalue.o(.data)
    softswitch                               0x10000080   Data           4  globalvalue.o(.data)
    usb_oenflag                              0x10000084   Data           1  globalvalue.o(.data)
    debug_saveflag                           0x10000085   Data           1  globalvalue.o(.data)
    Uart3_returnflag                         0x10000086   Data           1  globalvalue.o(.data)
    Pc_Sendflag                              0x10000087   Data           1  globalvalue.o(.data)
    numBlks                                  0x10000088   Data           4  globalvalue.o(.data)
    blkSize                                  0x1000008c   Data           4  globalvalue.o(.data)
    Uart_Send_Flag                           0x10000090   Data           1  globalvalue.o(.data)
    SystemStatus                             0x10000094   Data           4  globalvalue.o(.data)
    LcdAddr                                  0x10000098   Data           4  globalvalue.o(.data)
    SystemCoreClock                          0x1000009c   Data           4  system_lpc177x_8x.o(.data)
    PeripheralClock                          0x100000a0   Data           4  system_lpc177x_8x.o(.data)
    EMCClock                                 0x100000a4   Data           4  system_lpc177x_8x.o(.data)
    USBClock                                 0x100000a8   Data           4  system_lpc177x_8x.o(.data)
    _db_msg                                  0x100000ac   Data           4  debug_frmwrk.o(.data)
    _db_msg_                                 0x100000b0   Data           4  debug_frmwrk.o(.data)
    _db_char                                 0x100000b4   Data           4  debug_frmwrk.o(.data)
    _db_dec                                  0x100000b8   Data           4  debug_frmwrk.o(.data)
    _db_dec_16                               0x100000bc   Data           4  debug_frmwrk.o(.data)
    _db_dec_32                               0x100000c0   Data           4  debug_frmwrk.o(.data)
    _db_hex                                  0x100000c4   Data           4  debug_frmwrk.o(.data)
    _db_hex_16                               0x100000c8   Data           4  debug_frmwrk.o(.data)
    _db_hex_32                               0x100000cc   Data           4  debug_frmwrk.o(.data)
    _db_hex_                                 0x100000d0   Data           4  debug_frmwrk.o(.data)
    _db_hex_16_                              0x100000d4   Data           4  debug_frmwrk.o(.data)
    _db_hex_32_                              0x100000d8   Data           4  debug_frmwrk.o(.data)
    _db_get_char                             0x100000dc   Data           4  debug_frmwrk.o(.data)
    _db_get_val                              0x100000e0   Data           4  debug_frmwrk.o(.data)
    HOST_TDControlStatus                     0x100000e4   Data           1  usbhost_lpc17xx.o(.data)
    HOST_RhscIntr                            0x100000e8   Data           4  usbhost_lpc17xx.o(.data)
    HOST_WdhIntr                             0x100000ec   Data           4  usbhost_lpc17xx.o(.data)
    UnrecoverableIntCount                    0x100000f0   Data           4  usbhost_lpc17xx.o(.data)
    gUSBConnected                            0x100000f4   Data           4  usbhost_lpc17xx.o(.data)
    EDCtrl                                   0x100000f8   Data           4  usbhost_lpc17xx.o(.data)
    EDBulkIn                                 0x100000fc   Data           4  usbhost_lpc17xx.o(.data)
    EDBulkOut                                0x10000100   Data           4  usbhost_lpc17xx.o(.data)
    TDHead                                   0x10000104   Data           4  usbhost_lpc17xx.o(.data)
    TDTail                                   0x10000108   Data           4  usbhost_lpc17xx.o(.data)
    Hcca                                     0x1000010c   Data           4  usbhost_lpc17xx.o(.data)
    TDBuffer                                 0x10000110   Data           4  usbhost_lpc17xx.o(.data)
    FATBuffer                                0x10000114   Data           4  usbhost_lpc17xx.o(.data)
    UserBuffer                               0x10000118   Data           4  usbhost_lpc17xx.o(.data)
    MS_BlkSize                               0x10000120   Data           4  usbhost_ms.o(.data)
    Tft_5520                                 0x10000124   Data         118  globalvalue.o(.bss)
    Save_Res                                 0x1000019c   Data         240  globalvalue.o(.bss)
    SaveData                                 0x1000028c   Data       16068  globalvalue.o(.bss)
    Test_Dispvalue                           0x10004150   Data         172  globalvalue.o(.bss)
    Tft_5520_Dispvalue                       0x100041fc   Data          12  globalvalue.o(.bss)
    Send_Testvalue                           0x10004208   Data          40  globalvalue.o(.bss)
    SendPC_Testvalue                         0x10004230   Data          24  globalvalue.o(.bss)
    Comp_Testvalue                           0x10004248   Data          96  globalvalue.o(.bss)
    Comp_Change                              0x100042a8   Data          80  globalvalue.o(.bss)
    inquiryResult                            0x100042f8   Data          36  globalvalue.o(.bss)
    Count_buff                               0x1000431c   Data          48  globalvalue.o(.bss)
    DispBuf                                  0x1000434c   Data          12  globalvalue.o(.bss)
    NumBox                                   0x10004358   Data          12  globalvalue.o(.bss)
    ComBuf                                   0x10004565   Data          85  debug_frmwrk.o(.bss)
    ComBuf3                                  0x100045ba   Data          85  debug_frmwrk.o(.bss)
    __libspace_start                         0x10004818   Data          96  libspace.o(.bss)
    __temporary_stack_top$libspace           0x10004878   Data           0  libspace.o(.bss)



==============================================================================

Memory Map of the image

  Image Entry point : 0x000000e5

  Load Region LR_IROM1 (Base: 0x00000000, Size: 0x000771c8, Max: 0x00080000, ABSOLUTE)

    Execution Region ER_IROM1 (Exec base: 0x00000000, Load base: 0x00000000, Size: 0x000770a4, Max: 0x00080000, ABSOLUTE)

    Exec Addr    Load Addr    Size         Type   Attr      Idx    E Section Name        Object

    0x00000000   0x00000000   0x000000e4   Data   RO          551    RESET               startup_lpc177x_8x.o
    0x000000e4   0x000000e4   0x00000008   Code   RO          879  * !!!main             c_w.l(__main.o)
    0x000000ec   0x000000ec   0x00000034   Code   RO         1351    !!!scatter          c_w.l(__scatter.o)
    0x00000120   0x00000120   0x0000001a   Code   RO         1353    !!handler_copy      c_w.l(__scatter_copy.o)
    0x0000013a   0x0000013a   0x00000002   PAD
    0x0000013c   0x0000013c   0x0000001c   Code   RO         1355    !!handler_zi        c_w.l(__scatter_zi.o)
    0x00000158   0x00000158   0x00000000   Code   RO          868    .ARM.Collect$$_printf_percent$$00000000  c_w.l(_printf_percent.o)
    0x00000158   0x00000158   0x00000006   Code   RO         1006    .ARM.Collect$$_printf_percent$$00000001  c_w.l(_printf_n.o)
    0x0000015e   0x0000015e   0x00000006   Code   RO         1008    .ARM.Collect$$_printf_percent$$00000002  c_w.l(_printf_p.o)
    0x00000164   0x00000164   0x00000006   Code   RO          867    .ARM.Collect$$_printf_percent$$00000003  c_w.l(_printf_f.o)
    0x0000016a   0x0000016a   0x00000006   Code   RO         1013    .ARM.Collect$$_printf_percent$$00000004  c_w.l(_printf_e.o)
    0x00000170   0x00000170   0x00000006   Code   RO         1014    .ARM.Collect$$_printf_percent$$00000005  c_w.l(_printf_g.o)
    0x00000176   0x00000176   0x00000006   Code   RO         1015    .ARM.Collect$$_printf_percent$$00000006  c_w.l(_printf_a.o)
    0x0000017c   0x0000017c   0x0000000a   Code   RO         1020    .ARM.Collect$$_printf_percent$$00000007  c_w.l(_printf_ll.o)
    0x00000186   0x00000186   0x00000006   Code   RO         1010    .ARM.Collect$$_printf_percent$$00000008  c_w.l(_printf_i.o)
    0x0000018c   0x0000018c   0x00000006   Code   RO         1011    .ARM.Collect$$_printf_percent$$00000009  c_w.l(_printf_d.o)
    0x00000192   0x00000192   0x00000006   Code   RO         1012    .ARM.Collect$$_printf_percent$$0000000A  c_w.l(_printf_u.o)
    0x00000198   0x00000198   0x00000006   Code   RO         1009    .ARM.Collect$$_printf_percent$$0000000B  c_w.l(_printf_o.o)
    0x0000019e   0x0000019e   0x00000006   Code   RO         1007    .ARM.Collect$$_printf_percent$$0000000C  c_w.l(_printf_x.o)
    0x000001a4   0x000001a4   0x00000006   Code   RO         1017    .ARM.Collect$$_printf_percent$$0000000D  c_w.l(_printf_lli.o)
    0x000001aa   0x000001aa   0x00000006   Code   RO         1018    .ARM.Collect$$_printf_percent$$0000000E  c_w.l(_printf_lld.o)
    0x000001b0   0x000001b0   0x00000006   Code   RO         1019    .ARM.Collect$$_printf_percent$$0000000F  c_w.l(_printf_llu.o)
    0x000001b6   0x000001b6   0x00000006   Code   RO         1024    .ARM.Collect$$_printf_percent$$00000010  c_w.l(_printf_llo.o)
    0x000001bc   0x000001bc   0x00000006   Code   RO         1025    .ARM.Collect$$_printf_percent$$00000011  c_w.l(_printf_llx.o)
    0x000001c2   0x000001c2   0x0000000a   Code   RO         1021    .ARM.Collect$$_printf_percent$$00000012  c_w.l(_printf_l.o)
    0x000001cc   0x000001cc   0x00000006   Code   RO         1004    .ARM.Collect$$_printf_percent$$00000013  c_w.l(_printf_c.o)
    0x000001d2   0x000001d2   0x00000006   Code   RO         1005    .ARM.Collect$$_printf_percent$$00000014  c_w.l(_printf_s.o)
    0x000001d8   0x000001d8   0x00000006   Code   RO         1022    .ARM.Collect$$_printf_percent$$00000015  c_w.l(_printf_lc.o)
    0x000001de   0x000001de   0x00000006   Code   RO         1023    .ARM.Collect$$_printf_percent$$00000016  c_w.l(_printf_ls.o)
    0x000001e4   0x000001e4   0x00000004   Code   RO         1016    .ARM.Collect$$_printf_percent$$00000017  c_w.l(_printf_percent_end.o)
    0x000001e8   0x000001e8   0x00000002   Code   RO         1177    .ARM.Collect$$libinit$$00000000  c_w.l(libinit.o)
    0x000001ea   0x000001ea   0x00000000   Code   RO         1179    .ARM.Collect$$libinit$$00000002  c_w.l(libinit2.o)
    0x000001ea   0x000001ea   0x00000000   Code   RO         1181    .ARM.Collect$$libinit$$00000004  c_w.l(libinit2.o)
    0x000001ea   0x000001ea   0x00000000   Code   RO         1184    .ARM.Collect$$libinit$$0000000A  c_w.l(libinit2.o)
    0x000001ea   0x000001ea   0x00000000   Code   RO         1186    .ARM.Collect$$libinit$$0000000C  c_w.l(libinit2.o)
    0x000001ea   0x000001ea   0x00000000   Code   RO         1188    .ARM.Collect$$libinit$$0000000E  c_w.l(libinit2.o)
    0x000001ea   0x000001ea   0x00000006   Code   RO         1189    .ARM.Collect$$libinit$$0000000F  c_w.l(libinit2.o)
    0x000001f0   0x000001f0   0x00000000   Code   RO         1191    .ARM.Collect$$libinit$$00000011  c_w.l(libinit2.o)
    0x000001f0   0x000001f0   0x0000000c   Code   RO         1192    .ARM.Collect$$libinit$$00000012  c_w.l(libinit2.o)
    0x000001fc   0x000001fc   0x00000000   Code   RO         1193    .ARM.Collect$$libinit$$00000013  c_w.l(libinit2.o)
    0x000001fc   0x000001fc   0x00000000   Code   RO         1195    .ARM.Collect$$libinit$$00000015  c_w.l(libinit2.o)
    0x000001fc   0x000001fc   0x0000000a   Code   RO         1196    .ARM.Collect$$libinit$$00000016  c_w.l(libinit2.o)
    0x00000206   0x00000206   0x00000000   Code   RO         1197    .ARM.Collect$$libinit$$00000017  c_w.l(libinit2.o)
    0x00000206   0x00000206   0x00000000   Code   RO         1199    .ARM.Collect$$libinit$$00000019  c_w.l(libinit2.o)
    0x00000206   0x00000206   0x00000000   Code   RO         1201    .ARM.Collect$$libinit$$0000001B  c_w.l(libinit2.o)
    0x00000206   0x00000206   0x00000000   Code   RO         1203    .ARM.Collect$$libinit$$0000001D  c_w.l(libinit2.o)
    0x00000206   0x00000206   0x00000000   Code   RO         1205    .ARM.Collect$$libinit$$0000001F  c_w.l(libinit2.o)
    0x00000206   0x00000206   0x00000000   Code   RO         1207    .ARM.Collect$$libinit$$00000021  c_w.l(libinit2.o)
    0x00000206   0x00000206   0x00000000   Code   RO         1209    .ARM.Collect$$libinit$$00000023  c_w.l(libinit2.o)
    0x00000206   0x00000206   0x00000000   Code   RO         1211    .ARM.Collect$$libinit$$00000025  c_w.l(libinit2.o)
    0x00000206   0x00000206   0x00000000   Code   RO         1215    .ARM.Collect$$libinit$$0000002C  c_w.l(libinit2.o)
    0x00000206   0x00000206   0x00000000   Code   RO         1217    .ARM.Collect$$libinit$$0000002E  c_w.l(libinit2.o)
    0x00000206   0x00000206   0x00000000   Code   RO         1219    .ARM.Collect$$libinit$$00000030  c_w.l(libinit2.o)
    0x00000206   0x00000206   0x00000000   Code   RO         1221    .ARM.Collect$$libinit$$00000032  c_w.l(libinit2.o)
    0x00000206   0x00000206   0x00000002   Code   RO         1222    .ARM.Collect$$libinit$$00000033  c_w.l(libinit2.o)
    0x00000208   0x00000208   0x00000002   Code   RO         1304    .ARM.Collect$$libshutdown$$00000000  c_w.l(libshutdown.o)
    0x0000020a   0x0000020a   0x00000000   Code   RO         1334    .ARM.Collect$$libshutdown$$00000002  c_w.l(libshutdown2.o)
    0x0000020a   0x0000020a   0x00000000   Code   RO         1336    .ARM.Collect$$libshutdown$$00000004  c_w.l(libshutdown2.o)
    0x0000020a   0x0000020a   0x00000000   Code   RO         1339    .ARM.Collect$$libshutdown$$00000007  c_w.l(libshutdown2.o)
    0x0000020a   0x0000020a   0x00000000   Code   RO         1342    .ARM.Collect$$libshutdown$$0000000A  c_w.l(libshutdown2.o)
    0x0000020a   0x0000020a   0x00000000   Code   RO         1344    .ARM.Collect$$libshutdown$$0000000C  c_w.l(libshutdown2.o)
    0x0000020a   0x0000020a   0x00000000   Code   RO         1347    .ARM.Collect$$libshutdown$$0000000F  c_w.l(libshutdown2.o)
    0x0000020a   0x0000020a   0x00000002   Code   RO         1348    .ARM.Collect$$libshutdown$$00000010  c_w.l(libshutdown2.o)
    0x0000020c   0x0000020c   0x00000000   Code   RO          951    .ARM.Collect$$rtentry$$00000000  c_w.l(__rtentry.o)
    0x0000020c   0x0000020c   0x00000000   Code   RO         1073    .ARM.Collect$$rtentry$$00000002  c_w.l(__rtentry2.o)
    0x0000020c   0x0000020c   0x00000006   Code   RO         1085    .ARM.Collect$$rtentry$$00000004  c_w.l(__rtentry4.o)
    0x00000212   0x00000212   0x00000000   Code   RO         1075    .ARM.Collect$$rtentry$$00000009  c_w.l(__rtentry2.o)
    0x00000212   0x00000212   0x00000004   Code   RO         1076    .ARM.Collect$$rtentry$$0000000A  c_w.l(__rtentry2.o)
    0x00000216   0x00000216   0x00000000   Code   RO         1078    .ARM.Collect$$rtentry$$0000000C  c_w.l(__rtentry2.o)
    0x00000216   0x00000216   0x00000008   Code   RO         1079    .ARM.Collect$$rtentry$$0000000D  c_w.l(__rtentry2.o)
    0x0000021e   0x0000021e   0x00000002   Code   RO         1225    .ARM.Collect$$rtexit$$00000000  c_w.l(rtexit.o)
    0x00000220   0x00000220   0x00000000   Code   RO         1261    .ARM.Collect$$rtexit$$00000002  c_w.l(rtexit2.o)
    0x00000220   0x00000220   0x00000004   Code   RO         1262    .ARM.Collect$$rtexit$$00000003  c_w.l(rtexit2.o)
    0x00000224   0x00000224   0x00000006   Code   RO         1263    .ARM.Collect$$rtexit$$00000004  c_w.l(rtexit2.o)
    0x0000022a   0x0000022a   0x00000002   PAD
    0x0000022c   0x0000022c   0x00000034   Code   RO          234    .text               asciilib.o
    0x00000260   0x00000260   0x0000002c   Code   RO          495    .text               globalvalue.o
    0x0000028c   0x0000028c   0x00000040   Code   RO          553    .text               startup_lpc177x_8x.o
    0x000002cc   0x000002cc   0x00000024   Code   RO          837    .text               c_w.l(c89vsprintf.o)
    0x000002f0   0x000002f0   0x00000006   Code   RO          877    .text               c_w.l(heapauxi.o)
    0x000002f6   0x000002f6   0x00000002   Code   RO         1287    .text               c_w.l(use_no_semi.o)
    0x000002f8   0x000002f8   0x00000000   Code   RO         1289    .text               c_w.l(indicate_semi.o)
    0x000002f8   0x000002f8   0x00000004   Code   RO         1047    i.__mathlib_dbl_infnan2  m_ws.l(dunder.o)
    0x000002fc   0x000002fc   0x00000004   Code   RO          552    .ARM.__at_0x02FC    startup_lpc177x_8x.o
    0x00000300   0x00000300   0x00000228   Code   RO            2    .text               ex_sdram.o
    0x00000528   0x00000528   0x00000118   Code   RO           54    .text               main.o
    0x00000640   0x00000640   0x00000218   Code   RO          153    .text               timer.o
    0x00000858   0x00000858   0x00000b1c   Code   RO          179    .text               lpc177x_8x_lcd.o
    0x00001374   0x00001374   0x00003bf8   Code   RO          280    .text               use_disp.o
    0x00004f6c   0x00004f6c   0x00000440   Code   RO          386    .text               key.o
    0x000053ac   0x000053ac   0x00002990   Code   RO          433    .text               test.o
    0x00007d3c   0x00007d3c   0x000001b8   Code   RO          560    .text               system_lpc177x_8x.o
    0x00007ef4   0x00007ef4   0x000002f0   Code   RO          588    .text               lpc177x_8x_gpio.o
    0x000081e4   0x000081e4   0x000000d8   Code   RO          624    .text               lpc177x_8x_clkpwr.o
    0x000082bc   0x000082bc   0x000005ec   Code   RO          661    .text               lpc177x_8x_uart.o
    0x000088a8   0x000088a8   0x000009c0   Code   RO          678    .text               debug_frmwrk.o
    0x00009268   0x00009268   0x00000164   Code   RO          710    .text               lpc177x_8x_pinsel.o
    0x000093cc   0x000093cc   0x00000288   Code   RO          726    .text               lpc177x_8x_eeprom.o
    0x00009654   0x00009654   0x0000084c   Code   RO          758    .text               usbhost_fat.o
    0x00009ea0   0x00009ea0   0x000005cc   Code   RO          777    .text               usbhost_lpc17xx.o
    0x0000a46c   0x0000a46c   0x00000438   Code   RO          811    .text               usbhost_ms.o
    0x0000a8a4   0x0000a8a4   0x000000ee   Code   RO          835    .text               c_w.l(lludivv7m.o)
    0x0000a992   0x0000a992   0x00000002   PAD
    0x0000a994   0x0000a994   0x0000002c   Code   RO          839    .text               c_w.l(__2sprintf.o)
    0x0000a9c0   0x0000a9c0   0x0000004e   Code   RO          845    .text               c_w.l(_printf_pad.o)
    0x0000aa0e   0x0000aa0e   0x00000002   PAD
    0x0000aa10   0x0000aa10   0x00000188   Code   RO          864    .text               c_w.l(__printf_flags_ss_wp.o)
    0x0000ab98   0x0000ab98   0x00000018   Code   RO          869    .text               c_w.l(strcat.o)
    0x0000abb0   0x0000abb0   0x0000008a   Code   RO          871    .text               c_w.l(rt_memcpy_v6.o)
    0x0000ac3a   0x0000ac3a   0x00000064   Code   RO          873    .text               c_w.l(rt_memcpy_w.o)
    0x0000ac9e   0x0000ac9e   0x0000004e   Code   RO          875    .text               c_w.l(rt_memclr_w.o)
    0x0000acec   0x0000acec   0x00000016   Code   RO          956    .text               c_w.l(_rserrno.o)
    0x0000ad02   0x0000ad02   0x00000024   Code   RO          958    .text               c_w.l(_printf_truncate.o)
    0x0000ad26   0x0000ad26   0x00000052   Code   RO          960    .text               c_w.l(_printf_str.o)
    0x0000ad78   0x0000ad78   0x00000078   Code   RO          962    .text               c_w.l(_printf_dec.o)
    0x0000adf0   0x0000adf0   0x00000028   Code   RO          964    .text               c_w.l(_printf_charcount.o)
    0x0000ae18   0x0000ae18   0x0000041e   Code   RO          966    .text               c_w.l(_printf_fp_dec.o)
    0x0000b236   0x0000b236   0x00000002   PAD
    0x0000b238   0x0000b238   0x00000030   Code   RO          968    .text               c_w.l(_printf_char_common.o)
    0x0000b268   0x0000b268   0x0000000a   Code   RO          970    .text               c_w.l(_sputc.o)
    0x0000b272   0x0000b272   0x00000002   PAD
    0x0000b274   0x0000b274   0x000000bc   Code   RO          972    .text               c_w.l(_printf_wctomb.o)
    0x0000b330   0x0000b330   0x0000007c   Code   RO          975    .text               c_w.l(_printf_longlong_dec.o)
    0x0000b3ac   0x0000b3ac   0x00000070   Code   RO          981    .text               c_w.l(_printf_oct_int_ll.o)
    0x0000b41c   0x0000b41c   0x00000094   Code   RO         1001    .text               c_w.l(_printf_hex_int_ll_ptr.o)
    0x0000b4b0   0x0000b4b0   0x000000a4   Code   RO         1026    .text               c_w.l(strtod.o)
    0x0000b554   0x0000b554   0x00000008   Code   RO         1092    .text               c_w.l(rt_locale_intlibspace.o)
    0x0000b55c   0x0000b55c   0x00000008   Code   RO         1097    .text               c_w.l(rt_errno_addr_intlibspace.o)
    0x0000b564   0x0000b564   0x0000008a   Code   RO         1099    .text               c_w.l(lludiv10.o)
    0x0000b5ee   0x0000b5ee   0x00000012   Code   RO         1101    .text               c_w.l(isspace.o)
    0x0000b600   0x0000b600   0x000000b2   Code   RO         1103    .text               c_w.l(_printf_intcommon.o)
    0x0000b6b2   0x0000b6b2   0x00000002   PAD
    0x0000b6b4   0x0000b6b4   0x00000080   Code   RO         1105    .text               c_w.l(_printf_fp_infnan.o)
    0x0000b734   0x0000b734   0x0000002c   Code   RO         1109    .text               c_w.l(_printf_char.o)
    0x0000b760   0x0000b760   0x0000002c   Code   RO         1111    .text               c_w.l(_printf_wchar.o)
    0x0000b78c   0x0000b78c   0x00000040   Code   RO         1113    .text               c_w.l(_sgetc.o)
    0x0000b7cc   0x0000b7cc   0x000000e4   Code   RO         1115    .text               c_w.l(bigflt0.o)
    0x0000b8b0   0x0000b8b0   0x00000040   Code   RO         1140    .text               c_w.l(_wcrtomb.o)
    0x0000b8f0   0x0000b8f0   0x00000008   Code   RO         1155    .text               c_w.l(libspace.o)
    0x0000b8f8   0x0000b8f8   0x0000004a   Code   RO         1158    .text               c_w.l(sys_stackheap_outer.o)
    0x0000b942   0x0000b942   0x00000002   PAD
    0x0000b944   0x0000b944   0x00000010   Code   RO         1160    .text               c_w.l(rt_ctype_table.o)
    0x0000b954   0x0000b954   0x000004f8   Code   RO         1162    .text               c_w.l(scanf_fp.o)
    0x0000be4c   0x0000be4c   0x00000012   Code   RO         1164    .text               c_w.l(exit.o)
    0x0000be5e   0x0000be5e   0x00000002   PAD
    0x0000be60   0x0000be60   0x00000080   Code   RO         1170    .text               c_w.l(strcmpv7m.o)
    0x0000bee0   0x0000bee0   0x0000000c   Code   RO         1258    .text               c_w.l(sys_exit.o)
    0x0000beec   0x0000beec   0x00000320   Code   RO         1267    .text               c_w.l(scanf_hexfp.o)
    0x0000c20c   0x0000c20c   0x00000134   Code   RO         1269    .text               c_w.l(scanf_infnan.o)
    0x0000c340   0x0000c340   0x00000026   Code   RO         1292    .text               c_w.l(llshl.o)
    0x0000c366   0x0000c366   0x0000001c   Code   RO         1294    .text               c_w.l(_chval.o)
    0x0000c382   0x0000c382   0x0000003e   Code   RO         1118    CL$$btod_d2e        c_w.l(btod.o)
    0x0000c3c0   0x0000c3c0   0x00000046   Code   RO         1120    CL$$btod_d2e_denorm_low  c_w.l(btod.o)
    0x0000c406   0x0000c406   0x00000060   Code   RO         1119    CL$$btod_d2e_norm_op1  c_w.l(btod.o)
    0x0000c466   0x0000c466   0x00000338   Code   RO         1128    CL$$btod_div_common  c_w.l(btod.o)
    0x0000c79e   0x0000c79e   0x00000002   PAD
    0x0000c7a0   0x0000c7a0   0x00000084   Code   RO         1126    CL$$btod_e2d        c_w.l(btod.o)
    0x0000c824   0x0000c824   0x000000dc   Code   RO         1125    CL$$btod_e2e        c_w.l(btod.o)
    0x0000c900   0x0000c900   0x0000002a   Code   RO         1122    CL$$btod_ediv       c_w.l(btod.o)
    0x0000c92a   0x0000c92a   0x0000002a   Code   RO         1124    CL$$btod_edivd      c_w.l(btod.o)
    0x0000c954   0x0000c954   0x0000002a   Code   RO         1121    CL$$btod_emul       c_w.l(btod.o)
    0x0000c97e   0x0000c97e   0x0000002a   Code   RO         1123    CL$$btod_emuld      c_w.l(btod.o)
    0x0000c9a8   0x0000c9a8   0x00000244   Code   RO         1127    CL$$btod_mult_common  c_w.l(btod.o)
    0x0000cbec   0x0000cbec   0x00000028   Code   RO         1059    i.__ARM_fpclassify  m_ws.l(fpclassify.o)
    0x0000cc14   0x0000cc14   0x000000aa   Code   RO         1061    i.__kernel_poly     m_ws.l(poly.o)
    0x0000ccbe   0x0000ccbe   0x00000002   PAD
    0x0000ccc0   0x0000ccc0   0x00000010   Code   RO         1045    i.__mathlib_dbl_divzero  m_ws.l(dunder.o)
    0x0000ccd0   0x0000ccd0   0x0000000c   Code   RO         1048    i.__mathlib_dbl_invalid  m_ws.l(dunder.o)
    0x0000ccdc   0x0000ccdc   0x0000000e   Code   RO         1049    i.__mathlib_dbl_overflow  m_ws.l(dunder.o)
    0x0000ccea   0x0000ccea   0x00000002   PAD
    0x0000ccec   0x0000ccec   0x00000010   Code   RO         1051    i.__mathlib_dbl_underflow  m_ws.l(dunder.o)
    0x0000ccfc   0x0000ccfc   0x00000010   Code   RO         1252    i.__mathlib_narrow  m_ws.l(narrow.o)
    0x0000cd0c   0x0000cd0c   0x000000bc   Code   RO         1253    i.__mathlib_tofloat  m_ws.l(narrow.o)
    0x0000cdc8   0x0000cdc8   0x00000016   Code   RO         1306    i.__support_ldexp   m_ws.l(ldexp.o)
    0x0000cdde   0x0000cdde   0x0000000e   Code   RO          857    i._is_digit         c_w.l(__printf_wp.o)
    0x0000cdec   0x0000cdec   0x0000002a   Code   RO          938    i.atof              m_ws.l(atof.o)
    0x0000ce16   0x0000ce16   0x00000002   PAD
    0x0000ce18   0x0000ce18   0x00000058   Code   RO         1280    i.frexp             m_ws.l(frexp.o)
    0x0000ce70   0x0000ce70   0x00000074   Code   RO         1307    i.ldexp             m_ws.l(ldexp.o)
    0x0000cee4   0x0000cee4   0x000009d8   Code   RO          942    i.pow               m_ws.l(pow.o)
    0x0000d8bc   0x0000d8bc   0x0000004c   Code   RO         1065    i.sqrt              m_ws.l(sqrt.o)
    0x0000d908   0x0000d908   0x0000002c   Code   RO         1143    locale$$code        c_w.l(lc_numeric_c.o)
    0x0000d934   0x0000d934   0x0000002c   Code   RO         1230    locale$$code        c_w.l(lc_ctype_c.o)
    0x0000d960   0x0000d960   0x00000062   Code   RO          881    x$fpl$d2f           fz_ws.l(d2f.o)
    0x0000d9c2   0x0000d9c2   0x00000002   PAD
    0x0000d9c4   0x0000d9c4   0x00000150   Code   RO          883    x$fpl$dadd          fz_ws.l(daddsub_clz.o)
    0x0000db14   0x0000db14   0x00000010   Code   RO         1145    x$fpl$dcheck1       fz_ws.l(dcheck1.o)
    0x0000db24   0x0000db24   0x00000018   Code   RO         1028    x$fpl$dcmpinf       fz_ws.l(dcmpi.o)
    0x0000db3c   0x0000db3c   0x000002b0   Code   RO          890    x$fpl$ddiv          fz_ws.l(ddiv.o)
    0x0000ddec   0x0000ddec   0x00000078   Code   RO          893    x$fpl$deqf          fz_ws.l(deqf.o)
    0x0000de64   0x0000de64   0x0000005a   Code   RO          895    x$fpl$dfixu         fz_ws.l(dfixu.o)
    0x0000debe   0x0000debe   0x0000002e   Code   RO          900    x$fpl$dflt          fz_ws.l(dflt_clz.o)
    0x0000deec   0x0000deec   0x00000026   Code   RO          899    x$fpl$dfltu         fz_ws.l(dflt_clz.o)
    0x0000df12   0x0000df12   0x00000002   PAD
    0x0000df14   0x0000df14   0x00000078   Code   RO         1147    x$fpl$dleqf         fz_ws.l(dleqf.o)
    0x0000df8c   0x0000df8c   0x00000154   Code   RO          905    x$fpl$dmul          fz_ws.l(dmul.o)
    0x0000e0e0   0x0000e0e0   0x0000009c   Code   RO         1030    x$fpl$dnaninf       fz_ws.l(dnaninf.o)
    0x0000e17c   0x0000e17c   0x0000000c   Code   RO         1032    x$fpl$dretinf       fz_ws.l(dretinf.o)
    0x0000e188   0x0000e188   0x0000006c   Code   RO         1034    x$fpl$drleqf        fz_ws.l(drleqf.o)
    0x0000e1f4   0x0000e1f4   0x00000016   Code   RO          884    x$fpl$drsb          fz_ws.l(daddsub_clz.o)
    0x0000e20a   0x0000e20a   0x00000002   PAD
    0x0000e20c   0x0000e20c   0x000001cc   Code   RO         1149    x$fpl$dsqrt         fz_ws.l(dsqrt_noumaal.o)
    0x0000e3d8   0x0000e3d8   0x000001d4   Code   RO          885    x$fpl$dsub          fz_ws.l(daddsub_clz.o)
    0x0000e5ac   0x0000e5ac   0x00000056   Code   RO          907    x$fpl$f2d           fz_ws.l(f2d.o)
    0x0000e602   0x0000e602   0x00000002   PAD
    0x0000e604   0x0000e604   0x000000c4   Code   RO          909    x$fpl$fadd          fz_ws.l(faddsub_clz.o)
    0x0000e6c8   0x0000e6c8   0x00000018   Code   RO         1036    x$fpl$fcmpinf       fz_ws.l(fcmpi.o)
    0x0000e6e0   0x0000e6e0   0x00000184   Code   RO          916    x$fpl$fdiv          fz_ws.l(fdiv.o)
    0x0000e864   0x0000e864   0x0000003e   Code   RO          919    x$fpl$ffixu         fz_ws.l(ffixu.o)
    0x0000e8a2   0x0000e8a2   0x00000002   PAD
    0x0000e8a4   0x0000e8a4   0x00000026   Code   RO          923    x$fpl$ffltu         fz_ws.l(fflt_clz.o)
    0x0000e8ca   0x0000e8ca   0x00000002   PAD
    0x0000e8cc   0x0000e8cc   0x00000068   Code   RO          929    x$fpl$fleqf         fz_ws.l(fleqf.o)
    0x0000e934   0x0000e934   0x00000102   Code   RO          931    x$fpl$fmul          fz_ws.l(fmul.o)
    0x0000ea36   0x0000ea36   0x0000008c   Code   RO         1038    x$fpl$fnaninf       fz_ws.l(fnaninf.o)
    0x0000eac2   0x0000eac2   0x0000000a   Code   RO         1040    x$fpl$fretinf       fz_ws.l(fretinf.o)
    0x0000eacc   0x0000eacc   0x00000062   Code   RO          933    x$fpl$frleqf        fz_ws.l(frleqf.o)
    0x0000eb2e   0x0000eb2e   0x00000002   PAD
    0x0000eb30   0x0000eb30   0x000000ea   Code   RO          911    x$fpl$fsub          fz_ws.l(faddsub_clz.o)
    0x0000ec1a   0x0000ec1a   0x00000006   Code   RO         1151    x$fpl$ieeestatus    fz_ws.l(istatus.o)
    0x0000ec20   0x0000ec20   0x00000004   Code   RO          935    x$fpl$printf1       fz_ws.l(printf1.o)
    0x0000ec24   0x0000ec24   0x00000064   Code   RO         1223    x$fpl$retnan        fz_ws.l(retnan.o)
    0x0000ec88   0x0000ec88   0x0000005c   Code   RO         1042    x$fpl$scalbn        fz_ws.l(scalbn.o)
    0x0000ece4   0x0000ece4   0x00000004   Code   RO         1153    x$fpl$scanf1        fz_ws.l(scanf1.o)
    0x0000ece8   0x0000ece8   0x00000008   Code   RO         1244    x$fpl$scanf2        fz_ws.l(scanf2.o)
    0x0000ecf0   0x0000ecf0   0x00000030   Code   RO         1250    x$fpl$trapveneer    fz_ws.l(trapv.o)
    0x0000ed20   0x0000ed20   0x00000000   Code   RO         1044    x$fpl$usenofp       fz_ws.l(usenofp.o)
    0x0000ed20   0x0000ed20   0x0000361f   Data   RO          180    .constdata          lpc177x_8x_lcd.o
    0x0001233f   0x0001233f   0x00000001   PAD
    0x00012340   0x00012340   0x000005a0   Data   RO          217    .constdata          logo.o
    0x000128e0   0x000128e0   0x00000a70   Data   RO          235    .constdata          asciilib.o
    0x00013350   0x00013350   0x00000118   Data   RO          236    .constdata          asciilib.o
    0x00013468   0x00013468   0x00000118   Data   RO          237    .constdata          asciilib.o
    0x00013580   0x00013580   0x00000d00   Data   RO          238    .constdata          asciilib.o
    0x00014280   0x00014280   0x00002260   Data   RO          239    .constdata          asciilib.o
    0x000164e0   0x000164e0   0x00000090   Data   RO          240    .constdata          asciilib.o
    0x00016570   0x00016570   0x00000dfa   Data   RO          281    .constdata          use_disp.o
    0x0001736a   0x0001736a   0x00000008   Data   RO          387    .constdata          key.o
    0x00017372   0x00017372   0x0005fa00   Data   RO          434    .constdata          test.o
    0x00076d72   0x00076d72   0x00000011   Data   RO          865    .constdata          c_w.l(__printf_flags_ss_wp.o)
    0x00076d83   0x00076d83   0x00000005   PAD
    0x00076d88   0x00076d88   0x00000088   Data   RO          943    .constdata          m_ws.l(pow.o)
    0x00076e10   0x00076e10   0x00000008   Data   RO          973    .constdata          c_w.l(_printf_wctomb.o)
    0x00076e18   0x00076e18   0x00000028   Data   RO         1002    .constdata          c_w.l(_printf_hex_int_ll_ptr.o)
    0x00076e40   0x00076e40   0x00000008   Data   RO         1063    .constdata          m_ws.l(qnan.o)
    0x00076e48   0x00076e48   0x00000094   Data   RO         1116    .constdata          c_w.l(bigflt0.o)
    0x00076edc   0x00076edc   0x0000000e   Data   RO          218    .conststring        logo.o
    0x00076eea   0x00076eea   0x00000002   PAD
    0x00076eec   0x00076eec   0x00000059   Data   RO          680    .conststring        debug_frmwrk.o
    0x00076f45   0x00076f45   0x00000003   PAD
    0x00076f48   0x00076f48   0x00000020   Data   RO         1349    Region$$Table       anon$$obj.o
    0x00076f68   0x00076f68   0x00000008   Data   RO         1238    c$$dinf             fz_ws.l(fpconst.o)
    0x00076f70   0x00076f70   0x00000008   Data   RO         1241    c$$dmax             fz_ws.l(fpconst.o)
    0x00076f78   0x00076f78   0x0000001c   Data   RO         1142    locale$$data        c_w.l(lc_numeric_c.o)
    0x00076f94   0x00076f94   0x00000110   Data   RO         1229    locale$$data        c_w.l(lc_ctype_c.o)


    Execution Region RW_IRAM1 (Exec base: 0x10000000, Load base: 0x000770a4, Size: 0x00005478, Max: 0x00010000, ABSOLUTE)

    Exec Addr    Load Addr    Size         Type   Attr      Idx    E Section Name        Object

    0x10000000   0x000770a4   0x00000010   Data   RW          154    .data               timer.o
    0x10000010   0x000770b4   0x00000008   Data   RW          181    .data               lpc177x_8x_lcd.o
    0x10000018   0x000770bc   0x0000001c   Data   RW          219    .data               logo.o
    0x10000034   0x000770d8   0x00000008   Data   RW          388    .data               key.o
    0x1000003c   0x000770e0   0x00000034   Data   RW          441    .data               test.o
    0x10000070   0x00077114   0x00000004   Data   RW          442    .data               test.o
    0x10000074   0x00077118   0x00000003   Data   RW          512    .data               globalvalue.o
    0x10000077   0x0007711b   0x00000001   PAD
    0x10000078   0x0007711c   0x00000004   Data   RW          513    .data               globalvalue.o
    0x1000007c   0x00077120   0x00000004   Data   RW          514    .data               globalvalue.o
    0x10000080   0x00077124   0x00000004   Data   RW          515    .data               globalvalue.o
    0x10000084   0x00077128   0x00000001   Data   RW          516    .data               globalvalue.o
    0x10000085   0x00077129   0x00000001   Data   RW          517    .data               globalvalue.o
    0x10000086   0x0007712a   0x00000001   Data   RW          518    .data               globalvalue.o
    0x10000087   0x0007712b   0x00000001   Data   RW          519    .data               globalvalue.o
    0x10000088   0x0007712c   0x00000004   Data   RW          520    .data               globalvalue.o
    0x1000008c   0x00077130   0x00000004   Data   RW          521    .data               globalvalue.o
    0x10000090   0x00077134   0x00000001   Data   RW          522    .data               globalvalue.o
    0x10000091   0x00077135   0x00000003   PAD
    0x10000094   0x00077138   0x00000004   Data   RW          525    .data               globalvalue.o
    0x10000098   0x0007713c   0x00000004   Data   RW          528    .data               globalvalue.o
    0x1000009c   0x00077140   0x00000010   Data   RW          561    .data               system_lpc177x_8x.o
    0x100000ac   0x00077150   0x00000038   Data   RW          681    .data               debug_frmwrk.o
    0x100000e4   0x00077188   0x00000038   Data   RW          778    .data               usbhost_lpc17xx.o
    0x1000011c   0x000771c0   0x00000008   Data   RW          812    .data               usbhost_ms.o
    0x10000124        -       0x00000076   Zero   RW          496    .bss                globalvalue.o
    0x1000019a   0x000771c8   0x00000002   PAD
    0x1000019c        -       0x000000f0   Zero   RW          497    .bss                globalvalue.o
    0x1000028c        -       0x00003ec4   Zero   RW          498    .bss                globalvalue.o
    0x10004150        -       0x000000ac   Zero   RW          500    .bss                globalvalue.o
    0x100041fc        -       0x0000000c   Zero   RW          501    .bss                globalvalue.o
    0x10004208        -       0x00000028   Zero   RW          502    .bss                globalvalue.o
    0x10004230        -       0x00000018   Zero   RW          503    .bss                globalvalue.o
    0x10004248        -       0x00000060   Zero   RW          504    .bss                globalvalue.o
    0x100042a8        -       0x00000050   Zero   RW          505    .bss                globalvalue.o
    0x100042f8        -       0x00000024   Zero   RW          507    .bss                globalvalue.o
    0x1000431c        -       0x00000030   Zero   RW          508    .bss                globalvalue.o
    0x1000434c        -       0x0000000c   Zero   RW          509    .bss                globalvalue.o
    0x10004358        -       0x0000000c   Zero   RW          510    .bss                globalvalue.o
    0x10004364        -       0x000002ab   Zero   RW          679    .bss                debug_frmwrk.o
    0x1000460f   0x000771c8   0x00000001   PAD
    0x10004610        -       0x00000208   Zero   RW          759    .bss                usbhost_fat.o
    0x10004818        -       0x00000060   Zero   RW         1156    .bss                c_w.l(libspace.o)
    0x10004878        -       0x00000800   Zero   RW          550    HEAP                startup_lpc177x_8x.o
    0x10005078        -       0x00000400   Zero   RW          549    STACK               startup_lpc177x_8x.o


==============================================================================

Image component sizes


      Code (inc. data)   RO Data    RW Data    ZI Data      Debug   Object Name

        52          8      15504          0          0       1441   asciilib.o
      2496        190         89         56        683      12531   debug_frmwrk.o
       552         24          0          0          0      28735   ex_sdram.o
        44         10          0         36      16958       9917   globalvalue.o
      1088         14          8          8          0      18194   key.o
         0          0       1454         28          0        473   logo.o
       216         26          0          0          0       1583   lpc177x_8x_clkpwr.o
       648         14          0          0          0       2113   lpc177x_8x_eeprom.o
       752         28          0          0          0       9310   lpc177x_8x_gpio.o
      2844         84      13855          8          0      22370   lpc177x_8x_lcd.o
       356          4          0          0          0       4330   lpc177x_8x_pinsel.o
      1516         30          0          0          0       9579   lpc177x_8x_uart.o
       280         62          0          0          0      41413   main.o
        68         30        228          0       3072       1100   startup_lpc177x_8x.o
       440         20          0         16          0       1275   system_lpc177x_8x.o
     10640        846     391680         56          0      26711   test.o
       536         26          0         16          0      19249   timer.o
      2124         16          0          0        520       9954   usbhost_fat.o
      1484         56          0         56          0      26069   usbhost_lpc17xx.o
      1080         20          0          8          0       5287   usbhost_ms.o
     15352       1238       3578          0          0      36534   use_disp.o

    ----------------------------------------------------------------------
     42568       2746     426434        292      21236     288168   Object Totals
         0          0         32          0          0          0   (incl. Generated)
         0          0          6          4          3          0   (incl. Padding)

    ----------------------------------------------------------------------

      Code (inc. data)   RO Data    RW Data    ZI Data      Debug   Library Member Name

        44          6          0          0          0         84   __2sprintf.o
         8          0          0          0          0         68   __main.o
       392          4         17          0          0         92   __printf_flags_ss_wp.o
        14          0          0          0          0         68   __printf_wp.o
         0          0          0          0          0          0   __rtentry.o
        12          0          0          0          0          0   __rtentry2.o
         6          0          0          0          0          0   __rtentry4.o
        52          8          0          0          0          0   __scatter.o
        26          0          0          0          0          0   __scatter_copy.o
        28          0          0          0          0          0   __scatter_zi.o
        28          0          0          0          0         68   _chval.o
         6          0          0          0          0          0   _printf_a.o
         6          0          0          0          0          0   _printf_c.o
        44          0          0          0          0        108   _printf_char.o
        48          6          0          0          0         96   _printf_char_common.o
        40          0          0          0          0         68   _printf_charcount.o
         6          0          0          0          0          0   _printf_d.o
       120         16          0          0          0         92   _printf_dec.o
         6          0          0          0          0          0   _printf_e.o
         6          0          0          0          0          0   _printf_f.o
      1054          0          0          0          0        216   _printf_fp_dec.o
       128         16          0          0          0         84   _printf_fp_infnan.o
         6          0          0          0          0          0   _printf_g.o
       148          4         40          0          0        160   _printf_hex_int_ll_ptr.o
         6          0          0          0          0          0   _printf_i.o
       178          0          0          0          0         88   _printf_intcommon.o
        10          0          0          0          0          0   _printf_l.o
         6          0          0          0          0          0   _printf_lc.o
        10          0          0          0          0          0   _printf_ll.o
         6          0          0          0          0          0   _printf_lld.o
         6          0          0          0          0          0   _printf_lli.o
         6          0          0          0          0          0   _printf_llo.o
         6          0          0          0          0          0   _printf_llu.o
         6          0          0          0          0          0   _printf_llx.o
       124         16          0          0          0         92   _printf_longlong_dec.o
         6          0          0          0          0          0   _printf_ls.o
         6          0          0          0          0          0   _printf_n.o
         6          0          0          0          0          0   _printf_o.o
       112         10          0          0          0        124   _printf_oct_int_ll.o
         6          0          0          0          0          0   _printf_p.o
        78          0          0          0          0        108   _printf_pad.o
         0          0          0          0          0          0   _printf_percent.o
         4          0          0          0          0          0   _printf_percent_end.o
         6          0          0          0          0          0   _printf_s.o
        82          0          0          0          0         80   _printf_str.o
        36          0          0          0          0         84   _printf_truncate.o
         6          0          0          0          0          0   _printf_u.o
        44          0          0          0          0        108   _printf_wchar.o
       188          6          8          0          0         92   _printf_wctomb.o
         6          0          0          0          0          0   _printf_x.o
        22          0          0          0          0        100   _rserrno.o
        64          0          0          0          0         84   _sgetc.o
        10          0          0          0          0         68   _sputc.o
        64          0          0          0          0         92   _wcrtomb.o
       228          4        148          0          0         96   bigflt0.o
      2152        136          0          0          0        960   btod.o
        36          4          0          0          0         76   c89vsprintf.o
        18          0          0          0          0         80   exit.o
         6          0          0          0          0        152   heapauxi.o
         0          0          0          0          0          0   indicate_semi.o
        18          0          0          0          0         76   isspace.o
        44         10        272          0          0         76   lc_ctype_c.o
        44         10         28          0          0         76   lc_numeric_c.o
         2          0          0          0          0          0   libinit.o
        30          0          0          0          0          0   libinit2.o
         2          0          0          0          0          0   libshutdown.o
         2          0          0          0          0          0   libshutdown2.o
         8          4          0          0         96         68   libspace.o
        38          0          0          0          0         68   llshl.o
       138          0          0          0          0         80   lludiv10.o
       238          0          0          0          0        100   lludivv7m.o
        16          4          0          0          0         76   rt_ctype_table.o
         8          4          0          0          0         68   rt_errno_addr_intlibspace.o
         8          4          0          0          0         68   rt_locale_intlibspace.o
        78          0          0          0          0         80   rt_memclr_w.o
       138          0          0          0          0         68   rt_memcpy_v6.o
       100          0          0          0          0         80   rt_memcpy_w.o
         2          0          0          0          0          0   rtexit.o
        10          0          0          0          0          0   rtexit2.o
      1272         16          0          0          0        168   scanf_fp.o
       800         14          0          0          0        100   scanf_hexfp.o
       308         16          0          0          0        100   scanf_infnan.o
        24          0          0          0          0         68   strcat.o
       128          0          0          0          0         68   strcmpv7m.o
       164         14          0          0          0        120   strtod.o
        12          4          0          0          0         68   sys_exit.o
        74          0          0          0          0         80   sys_stackheap_outer.o
         2          0          0          0          0         68   use_no_semi.o
        98          4          0          0          0         92   d2f.o
       826         16          0          0          0        348   daddsub_clz.o
        16          4          0          0          0         68   dcheck1.o
        24          0          0          0          0         68   dcmpi.o
       688        140          0          0          0        208   ddiv.o
       120          4          0          0          0         92   deqf.o
        90          4          0          0          0         92   dfixu.o
        84          0          0          0          0        136   dflt_clz.o
       120          4          0          0          0         92   dleqf.o
       340         12          0          0          0        104   dmul.o
       156          4          0          0          0         92   dnaninf.o
        12          0          0          0          0         68   dretinf.o
       108          0          0          0          0         80   drleqf.o
       460         56          0          0          0        120   dsqrt_noumaal.o
        86          4          0          0          0         84   f2d.o
       430          8          0          0          0        168   faddsub_clz.o
        24          0          0          0          0         68   fcmpi.o
       388         76          0          0          0         96   fdiv.o
        62          4          0          0          0         84   ffixu.o
        38          0          0          0          0         68   fflt_clz.o
       104          4          0          0          0         84   fleqf.o
       258          4          0          0          0         84   fmul.o
       140          4          0          0          0         84   fnaninf.o
         0          0         16          0          0          0   fpconst.o
        10          0          0          0          0         68   fretinf.o
        98          0          0          0          0         68   frleqf.o
         6          0          0          0          0         68   istatus.o
         4          0          0          0          0         68   printf1.o
       100          0          0          0          0         68   retnan.o
        92          0          0          0          0         68   scalbn.o
         4          0          0          0          0         68   scanf1.o
         8          0          0          0          0         84   scanf2.o
        48          0          0          0          0         68   trapv.o
         0          0          0          0          0          0   usenofp.o
        42          0          0          0          0         84   atof.o
        62         10          0          0          0        340   dunder.o
        40          0          0          0          0         68   fpclassify.o
        88          8          0          0          0         76   frexp.o
       138          0          0          0          0        160   ldexp.o
       204          4          0          0          0        168   narrow.o
       170          0          0          0          0         96   poly.o
      2520        190        136          0          0        324   pow.o
         0          0          8          0          0          0   qnan.o
        76          0          0          0          0         84   sqrt.o

    ----------------------------------------------------------------------
     17908        902        678          0         96      10020   Library Totals
        40          2          5          0          0          0   (incl. Padding)

    ----------------------------------------------------------------------

      Code (inc. data)   RO Data    RW Data    ZI Data      Debug   Library Name

      9486        336        513          0         96       5512   c_w.l
      5042        352         16          0          0       3108   fz_ws.l
      3340        212        144          0          0       1400   m_ws.l

    ----------------------------------------------------------------------
     17908        902        678          0         96      10020   Library Totals

    ----------------------------------------------------------------------

==============================================================================


      Code (inc. data)   RO Data    RW Data    ZI Data      Debug   

     60476       3648     427112        292      21332     290280   Grand Totals
     60476       3648     427112        292      21332     290280   ELF Image Totals
     60476       3648     427112        292          0          0   ROM Totals

==============================================================================

    Total RO  Size (Code + RO Data)               487588 ( 476.16kB)
    Total RW  Size (RW Data + ZI Data)             21624 (  21.12kB)
    Total ROM Size (Code + RO Data + RW Data)     487880 ( 476.45kB)

==============================================================================

